nohup: ignoring input
[32m2025-07-06 01:24:24[0m | [1mINFO[0m | [36m__main__[0m:[36mmain[0m:[36m16[0m - [1mIndex(['dataset', 'datapack'], dtype='object')[0m
[32m2025-07-06 01:25:51[0m | [32m[1mSUCCESS[0m | [36mdataset.dataset_log[0m:[36mpreprocess_logs[0m:[36m238[0m - [32m[1m已保存日志序列，形状: 277[0m
[32m2025-07-06 01:25:51[0m | [1mINFO[0m | [36mdataset.dataset_log[0m:[36mpreprocess_logs[0m:[36m239[0m - [1m第一个序列示例: [[1751186566000, 'ts-basic-service', '33610c30'], [1751186566001, 'ts-security-service', 'f7d9ec08'], [1751186566001, 'ts-station-service', '75343960']][0m
[32m2025-07-06 01:25:52[0m | [32m[1mSUCCESS[0m | [36mprocess_data[0m:[36mpreprocess_injection[0m:[36m76[0m - [32m[1mGround truth数据已保存到: ../data/rcabench/demo/demo2/gt.csv[0m
[32m2025-07-06 01:25:52[0m | [1mINFO[0m | [36mprocess_metric[0m:[36mprocess_parquet_files[0m:[36m73[0m - [1m已处理完成 case 0, 检测到异常，score: 3579139410.0000[0m
[32m2025-07-06 01:25:52[0m | [1mINFO[0m | [36mprocess_metric[0m:[36mprocess_parquet_files[0m:[36m73[0m - [1m已处理完成 case 1, 检测到异常，score: 1.7931[0m
[32m2025-07-06 01:25:52[0m | [1mINFO[0m | [36mprocess_metric[0m:[36mprocess_parquet_files[0m:[36m73[0m - [1m已处理完成 case 2, 检测到异常，score: 33.1427[0m
[32m2025-07-06 01:25:52[0m | [1mINFO[0m | [36mprocess_metric[0m:[36mprocess_parquet_files[0m:[36m73[0m - [1m已处理完成 case 3, 检测到异常，score: 451826552.8470[0m
[32m2025-07-06 01:25:52[0m | [1mINFO[0m | [36mprocess_metric[0m:[36mprocess_parquet_files[0m:[36m73[0m - [1m已处理完成 case 4, 检测到异常，score: 11.3864[0m
[32m2025-07-06 01:25:52[0m | [1mINFO[0m | [36mprocess_metric[0m:[36mprocess_parquet_files[0m:[36m73[0m - [1m已处理完成 case 5, 检测到异常，score: 1.0230[0m
[32m2025-07-06 01:25:52[0m | [1mINFO[0m | [36mprocess_metric[0m:[36mprocess_parquet_files[0m:[36m73[0m - [1m已处理完成 case 6, 检测到异常，score: 1.3579[0m
[32m2025-07-06 01:25:52[0m | [1mINFO[0m | [36mprocess_metric[0m:[36mprocess_parquet_files[0m:[36m73[0m - [1m已处理完成 case 7, 检测到异常，score: 404466285.8932[0m
[32m2025-07-06 01:25:52[0m | [1mINFO[0m | [36mprocess_metric[0m:[36mprocess_parquet_files[0m:[36m73[0m - [1m已处理完成 case 8, 检测到异常，score: 14.0816[0m
[32m2025-07-06 01:25:52[0m | [1mINFO[0m | [36mprocess_metric[0m:[36mprocess_parquet_files[0m:[36m73[0m - [1m已处理完成 case 9, 检测到异常，score: 14.6500[0m
[32m2025-07-06 01:25:53[0m | [1mINFO[0m | [36mprocess_metric[0m:[36mprocess_parquet_files[0m:[36m73[0m - [1m已处理完成 case 10, 检测到异常，score: 1.8386[0m
[32m2025-07-06 01:25:53[0m | [1mINFO[0m | [36mprocess_metric[0m:[36mprocess_parquet_files[0m:[36m73[0m - [1m已处理完成 case 11, 检测到异常，score: 13.5260[0m
[32m2025-07-06 01:25:53[0m | [1mINFO[0m | [36mprocess_metric[0m:[36mprocess_parquet_files[0m:[36m73[0m - [1m已处理完成 case 12, 检测到异常，score: 1.1893[0m
[32m2025-07-06 01:25:53[0m | [1mINFO[0m | [36mprocess_metric[0m:[36mprocess_parquet_files[0m:[36m73[0m - [1m已处理完成 case 13, 检测到异常，score: 1.0166[0m
[32m2025-07-06 01:25:53[0m | [1mINFO[0m | [36mprocess_metric[0m:[36mprocess_parquet_files[0m:[36m73[0m - [1m已处理完成 case 14, 检测到异常，score: 1.0611[0m
[32m2025-07-06 01:25:53[0m | [1mINFO[0m | [36mprocess_metric[0m:[36mprocess_parquet_files[0m:[36m73[0m - [1m已处理完成 case 15, 检测到异常，score: 7.7626[0m
[32m2025-07-06 01:25:53[0m | [1mINFO[0m | [36mprocess_metric[0m:[36mprocess_parquet_files[0m:[36m73[0m - [1m已处理完成 case 16, 检测到异常，score: 2.1321[0m
[32m2025-07-06 01:25:53[0m | [1mINFO[0m | [36mprocess_metric[0m:[36mprocess_parquet_files[0m:[36m73[0m - [1m已处理完成 case 17, 检测到异常，score: 1.5524[0m
[32m2025-07-06 01:25:53[0m | [1mINFO[0m | [36mprocess_metric[0m:[36mprocess_parquet_files[0m:[36m73[0m - [1m已处理完成 case 18, 检测到异常，score: 3579139410.0000[0m
[32m2025-07-06 01:25:53[0m | [1mINFO[0m | [36mprocess_metric[0m:[36mprocess_parquet_files[0m:[36m73[0m - [1m已处理完成 case 19, 检测到异常，score: 1.4422[0m
[32m2025-07-06 01:25:53[0m | [1mINFO[0m | [36mprocess_metric[0m:[36mprocess_parquet_files[0m:[36m73[0m - [1m已处理完成 case 20, 检测到异常，score: 1.2437[0m
[32m2025-07-06 01:25:53[0m | [1mINFO[0m | [36mprocess_metric[0m:[36mprocess_parquet_files[0m:[36m73[0m - [1m已处理完成 case 21, 检测到异常，score: 2.4647[0m
[32m2025-07-06 01:25:53[0m | [1mINFO[0m | [36mprocess_metric[0m:[36mprocess_parquet_files[0m:[36m73[0m - [1m已处理完成 case 22, 检测到异常，score: 1.7794[0m
[32m2025-07-06 01:25:53[0m | [1mINFO[0m | [36mprocess_metric[0m:[36mprocess_parquet_files[0m:[36m73[0m - [1m已处理完成 case 23, 检测到异常，score: 1.1055[0m
[32m2025-07-06 01:25:53[0m | [1mINFO[0m | [36mprocess_metric[0m:[36mprocess_parquet_files[0m:[36m73[0m - [1m已处理完成 case 24, 检测到异常，score: 36.5176[0m
[32m2025-07-06 01:25:53[0m | [1mINFO[0m | [36mprocess_metric[0m:[36mprocess_parquet_files[0m:[36m73[0m - [1m已处理完成 case 25, 检测到异常，score: 31.7310[0m
[32m2025-07-06 01:25:53[0m | [1mINFO[0m | [36mprocess_metric[0m:[36mprocess_parquet_files[0m:[36m73[0m - [1m已处理完成 case 26, 检测到异常，score: 13.6007[0m
[32m2025-07-06 01:25:53[0m | [1mINFO[0m | [36mprocess_metric[0m:[36mprocess_parquet_files[0m:[36m73[0m - [1m已处理完成 case 27, 检测到异常，score: 1.0143[0m
[32m2025-07-06 01:25:53[0m | [1mINFO[0m | [36mprocess_metric[0m:[36mprocess_parquet_files[0m:[36m73[0m - [1m已处理完成 case 28, 检测到异常，score: 1.8308[0m
[32m2025-07-06 01:25:53[0m | [1mINFO[0m | [36mprocess_metric[0m:[36mprocess_parquet_files[0m:[36m73[0m - [1m已处理完成 case 29, 检测到异常，score: 1.7934[0m
[32m2025-07-06 01:25:53[0m | [1mINFO[0m | [36mprocess_metric[0m:[36mprocess_parquet_files[0m:[36m73[0m - [1m已处理完成 case 30, 检测到异常，score: 10.6302[0m
[32m2025-07-06 01:25:53[0m | [1mINFO[0m | [36mprocess_metric[0m:[36mprocess_parquet_files[0m:[36m73[0m - [1m已处理完成 case 31, 检测到异常，score: 45.1025[0m
[32m2025-07-06 01:25:53[0m | [1mINFO[0m | [36mprocess_metric[0m:[36mprocess_parquet_files[0m:[36m73[0m - [1m已处理完成 case 32, 检测到异常，score: 16.2713[0m
[32m2025-07-06 01:25:53[0m | [1mINFO[0m | [36mprocess_metric[0m:[36mprocess_parquet_files[0m:[36m73[0m - [1m已处理完成 case 33, 检测到异常，score: 2.5120[0m
[32m2025-07-06 01:25:53[0m | [1mINFO[0m | [36mprocess_metric[0m:[36mprocess_parquet_files[0m:[36m73[0m - [1m已处理完成 case 34, 检测到异常，score: 4.1261[0m
[32m2025-07-06 01:25:54[0m | [1mINFO[0m | [36mprocess_metric[0m:[36mprocess_parquet_files[0m:[36m73[0m - [1m已处理完成 case 35, 检测到异常，score: 35.2292[0m
[32m2025-07-06 01:25:54[0m | [1mINFO[0m | [36mprocess_metric[0m:[36mprocess_parquet_files[0m:[36m73[0m - [1m已处理完成 case 36, 检测到异常，score: 44.3370[0m
[32m2025-07-06 01:25:54[0m | [1mINFO[0m | [36mprocess_metric[0m:[36mprocess_parquet_files[0m:[36m73[0m - [1m已处理完成 case 37, 检测到异常，score: 1.2464[0m
[32m2025-07-06 01:25:54[0m | [1mINFO[0m | [36mprocess_metric[0m:[36mprocess_parquet_files[0m:[36m73[0m - [1m已处理完成 case 38, 检测到异常，score: 44.1887[0m
[32m2025-07-06 01:25:54[0m | [1mINFO[0m | [36mprocess_metric[0m:[36mprocess_parquet_files[0m:[36m73[0m - [1m已处理完成 case 39, 检测到异常，score: 11.7183[0m
[32m2025-07-06 01:25:54[0m | [1mINFO[0m | [36mprocess_metric[0m:[36mprocess_parquet_files[0m:[36m73[0m - [1m已处理完成 case 40, 检测到异常，score: 11.1502[0m
[32m2025-07-06 01:25:54[0m | [1mINFO[0m | [36mprocess_metric[0m:[36mprocess_parquet_files[0m:[36m73[0m - [1m已处理完成 case 41, 检测到异常，score: 1.1006[0m
[32m2025-07-06 01:25:54[0m | [1mINFO[0m | [36mprocess_metric[0m:[36mprocess_parquet_files[0m:[36m73[0m - [1m已处理完成 case 42, 检测到异常，score: 2.5380[0m
[32m2025-07-06 01:25:54[0m | [1mINFO[0m | [36mprocess_metric[0m:[36mprocess_parquet_files[0m:[36m73[0m - [1m已处理完成 case 43, 检测到异常，score: 2.5563[0m
[32m2025-07-06 01:25:54[0m | [1mINFO[0m | [36mprocess_metric[0m:[36mprocess_parquet_files[0m:[36m73[0m - [1m已处理完成 case 44, 检测到异常，score: 1.2172[0m
[32m2025-07-06 01:25:54[0m | [1mINFO[0m | [36mprocess_metric[0m:[36mprocess_parquet_files[0m:[36m73[0m - [1m已处理完成 case 45, 检测到异常，score: 1.9050[0m
[32m2025-07-06 01:25:54[0m | [1mINFO[0m | [36mprocess_metric[0m:[36mprocess_parquet_files[0m:[36m73[0m - [1m已处理完成 case 46, 检测到异常，score: 3.0827[0m
[32m2025-07-06 01:25:54[0m | [1mINFO[0m | [36mprocess_metric[0m:[36mprocess_parquet_files[0m:[36m73[0m - [1m已处理完成 case 47, 检测到异常，score: -1.4530[0m
[32m2025-07-06 01:25:54[0m | [1mINFO[0m | [36mprocess_metric[0m:[36mprocess_parquet_files[0m:[36m73[0m - [1m已处理完成 case 48, 检测到异常，score: 1.2413[0m
[32m2025-07-06 01:25:54[0m | [1mINFO[0m | [36mprocess_metric[0m:[36mprocess_parquet_files[0m:[36m73[0m - [1m已处理完成 case 49, 检测到异常，score: 3.4603[0m
[32m2025-07-06 01:25:54[0m | [1mINFO[0m | [36mprocess_metric[0m:[36mprocess_parquet_files[0m:[36m73[0m - [1m已处理完成 case 50, 检测到异常，score: 14.7176[0m
[32m2025-07-06 01:25:54[0m | [1mINFO[0m | [36mprocess_metric[0m:[36mprocess_parquet_files[0m:[36m73[0m - [1m已处理完成 case 51, 检测到异常，score: 1.2280[0m
[32m2025-07-06 01:25:54[0m | [1mINFO[0m | [36mprocess_metric[0m:[36mprocess_parquet_files[0m:[36m73[0m - [1m已处理完成 case 52, 检测到异常，score: 1.1003[0m
[32m2025-07-06 01:25:54[0m | [1mINFO[0m | [36mprocess_metric[0m:[36mprocess_parquet_files[0m:[36m73[0m - [1m已处理完成 case 53, 检测到异常，score: 2.4831[0m
[32m2025-07-06 01:25:54[0m | [1mINFO[0m | [36mprocess_metric[0m:[36mprocess_parquet_files[0m:[36m73[0m - [1m已处理完成 case 54, 检测到异常，score: -1.0194[0m
[32m2025-07-06 01:25:54[0m | [1mINFO[0m | [36mprocess_metric[0m:[36mprocess_parquet_files[0m:[36m73[0m - [1m已处理完成 case 55, 检测到异常，score: 35.7785[0m
[32m2025-07-06 01:25:54[0m | [1mINFO[0m | [36mprocess_metric[0m:[36mprocess_parquet_files[0m:[36m73[0m - [1m已处理完成 case 56, 检测到异常，score: 43.6895[0m
[32m2025-07-06 01:25:54[0m | [1mINFO[0m | [36mprocess_metric[0m:[36mprocess_parquet_files[0m:[36m73[0m - [1m已处理完成 case 57, 检测到异常，score: 1067422705.4605[0m
[32m2025-07-06 01:25:55[0m | [1mINFO[0m | [36mprocess_metric[0m:[36mprocess_parquet_files[0m:[36m73[0m - [1m已处理完成 case 58, 检测到异常，score: 2.3661[0m
[32m2025-07-06 01:25:55[0m | [1mINFO[0m | [36mprocess_metric[0m:[36mprocess_parquet_files[0m:[36m73[0m - [1m已处理完成 case 59, 检测到异常，score: 3.3333[0m
[32m2025-07-06 01:25:55[0m | [1mINFO[0m | [36mprocess_metric[0m:[36mprocess_parquet_files[0m:[36m73[0m - [1m已处理完成 case 60, 检测到异常，score: 1.1680[0m
[32m2025-07-06 01:25:55[0m | [1mINFO[0m | [36mprocess_metric[0m:[36mprocess_parquet_files[0m:[36m73[0m - [1m已处理完成 case 61, 检测到异常，score: 7158278823.3333[0m
[32m2025-07-06 01:25:55[0m | [1mINFO[0m | [36mprocess_metric[0m:[36mprocess_parquet_files[0m:[36m73[0m - [1m已处理完成 case 62, 检测到异常，score: 2.4800[0m
[32m2025-07-06 01:25:55[0m | [1mINFO[0m | [36mprocess_metric[0m:[36mprocess_parquet_files[0m:[36m73[0m - [1m已处理完成 case 63, 检测到异常，score: 1.1050[0m
[32m2025-07-06 01:25:55[0m | [1mINFO[0m | [36mprocess_metric[0m:[36mprocess_parquet_files[0m:[36m73[0m - [1m已处理完成 case 64, 检测到异常，score: 9.0378[0m
[32m2025-07-06 01:25:55[0m | [1mINFO[0m | [36mprocess_metric[0m:[36mprocess_parquet_files[0m:[36m73[0m - [1m已处理完成 case 65, 检测到异常，score: 34.8174[0m
[32m2025-07-06 01:25:55[0m | [1mINFO[0m | [36mprocess_metric[0m:[36mprocess_parquet_files[0m:[36m73[0m - [1m已处理完成 case 66, 检测到异常，score: -3.3333[0m
[32m2025-07-06 01:25:55[0m | [1mINFO[0m | [36mprocess_metric[0m:[36mprocess_parquet_files[0m:[36m73[0m - [1m已处理完成 case 67, 检测到异常，score: 3579139410.0000[0m
[32m2025-07-06 01:25:55[0m | [1mINFO[0m | [36mprocess_metric[0m:[36mprocess_parquet_files[0m:[36m73[0m - [1m已处理完成 case 68, 检测到异常，score: 1.4517[0m
[32m2025-07-06 01:25:55[0m | [1mINFO[0m | [36mprocess_metric[0m:[36mprocess_parquet_files[0m:[36m73[0m - [1m已处理完成 case 69, 检测到异常，score: 8.2367[0m
[32m2025-07-06 01:25:55[0m | [1mINFO[0m | [36mprocess_metric[0m:[36mprocess_parquet_files[0m:[36m73[0m - [1m已处理完成 case 70, 检测到异常，score: 5.5192[0m
[32m2025-07-06 01:25:55[0m | [1mINFO[0m | [36mprocess_metric[0m:[36mprocess_parquet_files[0m:[36m73[0m - [1m已处理完成 case 71, 检测到异常，score: 1.2616[0m
[32m2025-07-06 01:25:55[0m | [1mINFO[0m | [36mprocess_metric[0m:[36mprocess_parquet_files[0m:[36m73[0m - [1m已处理完成 case 72, 检测到异常，score: 1.7943[0m
[32m2025-07-06 01:25:55[0m | [1mINFO[0m | [36mprocess_metric[0m:[36mprocess_parquet_files[0m:[36m73[0m - [1m已处理完成 case 73, 检测到异常，score: 30.2678[0m
[32m2025-07-06 01:25:55[0m | [1mINFO[0m | [36mprocess_metric[0m:[36mprocess_parquet_files[0m:[36m73[0m - [1m已处理完成 case 74, 检测到异常，score: 37.4286[0m
[32m2025-07-06 01:25:55[0m | [1mINFO[0m | [36mprocess_metric[0m:[36mprocess_parquet_files[0m:[36m73[0m - [1m已处理完成 case 75, 检测到异常，score: 2483843717.2509[0m
[32m2025-07-06 01:25:55[0m | [1mINFO[0m | [36mprocess_metric[0m:[36mprocess_parquet_files[0m:[36m73[0m - [1m已处理完成 case 76, 检测到异常，score: 1.7136[0m
[32m2025-07-06 01:25:55[0m | [1mINFO[0m | [36mprocess_metric[0m:[36mprocess_parquet_files[0m:[36m73[0m - [1m已处理完成 case 77, 检测到异常，score: 4121591488.4811[0m
[32m2025-07-06 01:25:55[0m | [1mINFO[0m | [36mprocess_metric[0m:[36mprocess_parquet_files[0m:[36m73[0m - [1m已处理完成 case 78, 检测到异常，score: 1.7930[0m
[32m2025-07-06 01:25:55[0m | [1mINFO[0m | [36mprocess_metric[0m:[36mprocess_parquet_files[0m:[36m73[0m - [1m已处理完成 case 79, 检测到异常，score: 2.4902[0m
[32m2025-07-06 01:25:55[0m | [1mINFO[0m | [36mprocess_metric[0m:[36mprocess_parquet_files[0m:[36m73[0m - [1m已处理完成 case 80, 检测到异常，score: 15.6849[0m
[32m2025-07-06 01:25:55[0m | [1mINFO[0m | [36mprocess_metric[0m:[36mprocess_parquet_files[0m:[36m73[0m - [1m已处理完成 case 81, 检测到异常，score: 2.4307[0m
[32m2025-07-06 01:25:55[0m | [1mINFO[0m | [36mprocess_metric[0m:[36mprocess_parquet_files[0m:[36m73[0m - [1m已处理完成 case 82, 检测到异常，score: 1.4515[0m
[32m2025-07-06 01:25:56[0m | [1mINFO[0m | [36mprocess_metric[0m:[36mprocess_parquet_files[0m:[36m73[0m - [1m已处理完成 case 83, 检测到异常，score: 45.4101[0m
[32m2025-07-06 01:25:56[0m | [1mINFO[0m | [36mprocess_metric[0m:[36mprocess_parquet_files[0m:[36m73[0m - [1m已处理完成 case 84, 检测到异常，score: 1.0931[0m
[32m2025-07-06 01:25:56[0m | [1mINFO[0m | [36mprocess_metric[0m:[36mprocess_parquet_files[0m:[36m73[0m - [1m已处理完成 case 85, 检测到异常，score: 11.5318[0m
[32m2025-07-06 01:25:56[0m | [1mINFO[0m | [36mprocess_metric[0m:[36mprocess_parquet_files[0m:[36m73[0m - [1m已处理完成 case 86, 检测到异常，score: 1.2502[0m
[32m2025-07-06 01:25:56[0m | [1mINFO[0m | [36mprocess_metric[0m:[36mprocess_parquet_files[0m:[36m73[0m - [1m已处理完成 case 87, 检测到异常，score: 1.4616[0m
[32m2025-07-06 01:25:56[0m | [1mINFO[0m | [36mprocess_metric[0m:[36mprocess_parquet_files[0m:[36m73[0m - [1m已处理完成 case 88, 检测到异常，score: 5.6487[0m
[32m2025-07-06 01:25:56[0m | [1mINFO[0m | [36mprocess_metric[0m:[36mprocess_parquet_files[0m:[36m73[0m - [1m已处理完成 case 89, 检测到异常，score: 2.5587[0m
[32m2025-07-06 01:25:56[0m | [1mINFO[0m | [36mprocess_metric[0m:[36mprocess_parquet_files[0m:[36m73[0m - [1m已处理完成 case 90, 检测到异常，score: 3.3333[0m
[32m2025-07-06 01:25:56[0m | [1mINFO[0m | [36mprocess_metric[0m:[36mprocess_parquet_files[0m:[36m73[0m - [1m已处理完成 case 91, 检测到异常，score: 11.3313[0m
[32m2025-07-06 01:25:56[0m | [1mINFO[0m | [36mprocess_metric[0m:[36mprocess_parquet_files[0m:[36m73[0m - [1m已处理完成 case 92, 检测到异常，score: 4.0328[0m
[32m2025-07-06 01:25:56[0m | [1mINFO[0m | [36mprocess_metric[0m:[36mprocess_parquet_files[0m:[36m73[0m - [1m已处理完成 case 93, 检测到异常，score: 1.7936[0m
[32m2025-07-06 01:25:56[0m | [1mINFO[0m | [36mprocess_metric[0m:[36mprocess_parquet_files[0m:[36m73[0m - [1m已处理完成 case 94, 检测到异常，score: 1.2472[0m
[32m2025-07-06 01:25:56[0m | [1mINFO[0m | [36mprocess_metric[0m:[36mprocess_parquet_files[0m:[36m73[0m - [1m已处理完成 case 95, 检测到异常，score: 39.2760[0m
[32m2025-07-06 01:25:56[0m | [1mINFO[0m | [36mprocess_metric[0m:[36mprocess_parquet_files[0m:[36m73[0m - [1m已处理完成 case 96, 检测到异常，score: 1.6347[0m
[32m2025-07-06 01:25:56[0m | [1mINFO[0m | [36mprocess_metric[0m:[36mprocess_parquet_files[0m:[36m73[0m - [1m已处理完成 case 97, 检测到异常，score: 9.4417[0m
[32m2025-07-06 01:25:56[0m | [1mINFO[0m | [36mprocess_metric[0m:[36mprocess_parquet_files[0m:[36m73[0m - [1m已处理完成 case 98, 检测到异常，score: 4.1981[0m
[32m2025-07-06 01:25:56[0m | [1mINFO[0m | [36mprocess_metric[0m:[36mprocess_parquet_files[0m:[36m73[0m - [1m已处理完成 case 99, 检测到异常，score: 1.6780[0m
[32m2025-07-06 01:25:56[0m | [1mINFO[0m | [36mprocess_metric[0m:[36mprocess_parquet_files[0m:[36m73[0m - [1m已处理完成 case 100, 检测到异常，score: 2.9229[0m
[32m2025-07-06 01:25:56[0m | [1mINFO[0m | [36mprocess_metric[0m:[36mprocess_parquet_files[0m:[36m73[0m - [1m已处理完成 case 101, 检测到异常，score: 62.5625[0m
[32m2025-07-06 01:25:56[0m | [1mINFO[0m | [36mprocess_metric[0m:[36mprocess_parquet_files[0m:[36m73[0m - [1m已处理完成 case 102, 检测到异常，score: 10.8252[0m
[32m2025-07-06 01:25:56[0m | [1mINFO[0m | [36mprocess_metric[0m:[36mprocess_parquet_files[0m:[36m73[0m - [1m已处理完成 case 103, 检测到异常，score: 13.0548[0m
[32m2025-07-06 01:25:56[0m | [1mINFO[0m | [36mprocess_metric[0m:[36mprocess_parquet_files[0m:[36m73[0m - [1m已处理完成 case 104, 检测到异常，score: 2.1323[0m
[32m2025-07-06 01:25:56[0m | [1mINFO[0m | [36mprocess_metric[0m:[36mprocess_parquet_files[0m:[36m73[0m - [1m已处理完成 case 105, 检测到异常，score: 2.5526[0m
[32m2025-07-06 01:25:56[0m | [1mINFO[0m | [36mprocess_metric[0m:[36mprocess_parquet_files[0m:[36m73[0m - [1m已处理完成 case 106, 检测到异常，score: 3579139410.0000[0m
[32m2025-07-06 01:25:56[0m | [1mINFO[0m | [36mprocess_metric[0m:[36mprocess_parquet_files[0m:[36m73[0m - [1m已处理完成 case 107, 检测到异常，score: 1.2435[0m
[32m2025-07-06 01:25:57[0m | [1mINFO[0m | [36mprocess_metric[0m:[36mprocess_parquet_files[0m:[36m73[0m - [1m已处理完成 case 108, 检测到异常，score: 1.2370[0m
[32m2025-07-06 01:25:57[0m | [1mINFO[0m | [36mprocess_metric[0m:[36mprocess_parquet_files[0m:[36m73[0m - [1m已处理完成 case 109, 检测到异常，score: 3.9220[0m
[32m2025-07-06 01:25:57[0m | [1mINFO[0m | [36mprocess_metric[0m:[36mprocess_parquet_files[0m:[36m73[0m - [1m已处理完成 case 110, 检测到异常，score: 1.6745[0m
[32m2025-07-06 01:25:57[0m | [1mINFO[0m | [36mprocess_metric[0m:[36mprocess_parquet_files[0m:[36m73[0m - [1m已处理完成 case 111, 检测到异常，score: 5.7655[0m
[32m2025-07-06 01:25:57[0m | [1mINFO[0m | [36mprocess_metric[0m:[36mprocess_parquet_files[0m:[36m73[0m - [1m已处理完成 case 112, 检测到异常，score: 2.6061[0m
[32m2025-07-06 01:25:57[0m | [1mINFO[0m | [36mprocess_metric[0m:[36mprocess_parquet_files[0m:[36m73[0m - [1m已处理完成 case 113, 检测到异常，score: 1.6340[0m
[32m2025-07-06 01:25:57[0m | [1mINFO[0m | [36mprocess_metric[0m:[36mprocess_parquet_files[0m:[36m73[0m - [1m已处理完成 case 114, 检测到异常，score: 2.5110[0m
[32m2025-07-06 01:25:57[0m | [1mINFO[0m | [36mprocess_metric[0m:[36mprocess_parquet_files[0m:[36m73[0m - [1m已处理完成 case 115, 检测到异常，score: 14.3293[0m
[32m2025-07-06 01:25:57[0m | [1mINFO[0m | [36mprocess_metric[0m:[36mprocess_parquet_files[0m:[36m73[0m - [1m已处理完成 case 116, 检测到异常，score: 1.8996[0m
[32m2025-07-06 01:25:57[0m | [1mINFO[0m | [36mprocess_metric[0m:[36mprocess_parquet_files[0m:[36m73[0m - [1m已处理完成 case 117, 检测到异常，score: 1.1667[0m
[32m2025-07-06 01:25:57[0m | [1mINFO[0m | [36mprocess_metric[0m:[36mprocess_parquet_files[0m:[36m73[0m - [1m已处理完成 case 118, 检测到异常，score: 7158278823.3333[0m
[32m2025-07-06 01:25:57[0m | [1mINFO[0m | [36mprocess_metric[0m:[36mprocess_parquet_files[0m:[36m73[0m - [1m已处理完成 case 119, 检测到异常，score: 2.9983[0m
[32m2025-07-06 01:25:57[0m | [1mINFO[0m | [36mprocess_metric[0m:[36mprocess_parquet_files[0m:[36m73[0m - [1m已处理完成 case 120, 检测到异常，score: 1.0000[0m
[32m2025-07-06 01:25:57[0m | [1mINFO[0m | [36mprocess_metric[0m:[36mprocess_parquet_files[0m:[36m73[0m - [1m已处理完成 case 121, 检测到异常，score: 9.9058[0m
[32m2025-07-06 01:25:57[0m | [1mINFO[0m | [36mprocess_metric[0m:[36mprocess_parquet_files[0m:[36m73[0m - [1m已处理完成 case 122, 检测到异常，score: 1.7689[0m
[32m2025-07-06 01:25:57[0m | [1mINFO[0m | [36mprocess_metric[0m:[36mprocess_parquet_files[0m:[36m73[0m - [1m已处理完成 case 123, 检测到异常，score: 1.6340[0m
[32m2025-07-06 01:25:57[0m | [1mINFO[0m | [36mprocess_metric[0m:[36mprocess_parquet_files[0m:[36m73[0m - [1m已处理完成 case 124, 检测到异常，score: 1.7937[0m
[32m2025-07-06 01:25:57[0m | [1mINFO[0m | [36mprocess_metric[0m:[36mprocess_parquet_files[0m:[36m73[0m - [1m已处理完成 case 125, 检测到异常，score: 2.3036[0m
[32m2025-07-06 01:25:57[0m | [1mINFO[0m | [36mprocess_metric[0m:[36mprocess_parquet_files[0m:[36m73[0m - [1m已处理完成 case 126, 检测到异常，score: 1.4515[0m
[32m2025-07-06 01:25:57[0m | [1mINFO[0m | [36mprocess_metric[0m:[36mprocess_parquet_files[0m:[36m73[0m - [1m已处理完成 case 127, 检测到异常，score: 1.3243[0m
[32m2025-07-06 01:25:57[0m | [1mINFO[0m | [36mprocess_metric[0m:[36mprocess_parquet_files[0m:[36m73[0m - [1m已处理完成 case 128, 检测到异常，score: -1.0217[0m
[32m2025-07-06 01:25:57[0m | [1mINFO[0m | [36mprocess_metric[0m:[36mprocess_parquet_files[0m:[36m73[0m - [1m已处理完成 case 129, 检测到异常，score: 1.1636[0m
[32m2025-07-06 01:25:57[0m | [1mINFO[0m | [36mprocess_metric[0m:[36mprocess_parquet_files[0m:[36m73[0m - [1m已处理完成 case 130, 检测到异常，score: 34.7823[0m
[32m2025-07-06 01:25:57[0m | [1mINFO[0m | [36mprocess_metric[0m:[36mprocess_parquet_files[0m:[36m73[0m - [1m已处理完成 case 131, 检测到异常，score: 1.5650[0m
[32m2025-07-06 01:25:57[0m | [1mINFO[0m | [36mprocess_metric[0m:[36mprocess_parquet_files[0m:[36m73[0m - [1m已处理完成 case 132, 检测到异常，score: 1.2822[0m
[32m2025-07-06 01:25:58[0m | [1mINFO[0m | [36mprocess_metric[0m:[36mprocess_parquet_files[0m:[36m73[0m - [1m已处理完成 case 133, 检测到异常，score: 13.5206[0m
[32m2025-07-06 01:25:58[0m | [1mINFO[0m | [36mprocess_metric[0m:[36mprocess_parquet_files[0m:[36m73[0m - [1m已处理完成 case 134, 检测到异常，score: 1.5295[0m
[32m2025-07-06 01:25:58[0m | [1mINFO[0m | [36mprocess_metric[0m:[36mprocess_parquet_files[0m:[36m73[0m - [1m已处理完成 case 135, 检测到异常，score: 50.0579[0m
[32m2025-07-06 01:25:58[0m | [1mINFO[0m | [36mprocess_metric[0m:[36mprocess_parquet_files[0m:[36m73[0m - [1m已处理完成 case 136, 检测到异常，score: 1.9161[0m
[32m2025-07-06 01:25:58[0m | [1mINFO[0m | [36mprocess_metric[0m:[36mprocess_parquet_files[0m:[36m73[0m - [1m已处理完成 case 137, 检测到异常，score: 2.5421[0m
[32m2025-07-06 01:25:58[0m | [1mINFO[0m | [36mprocess_metric[0m:[36mprocess_parquet_files[0m:[36m73[0m - [1m已处理完成 case 138, 检测到异常，score: 1.7690[0m
[32m2025-07-06 01:25:58[0m | [1mINFO[0m | [36mprocess_metric[0m:[36mprocess_parquet_files[0m:[36m73[0m - [1m已处理完成 case 139, 检测到异常，score: 36.0005[0m
[32m2025-07-06 01:25:58[0m | [1mINFO[0m | [36mprocess_metric[0m:[36mprocess_parquet_files[0m:[36m73[0m - [1m已处理完成 case 140, 检测到异常，score: 10.8388[0m
[32m2025-07-06 01:25:58[0m | [1mINFO[0m | [36mprocess_metric[0m:[36mprocess_parquet_files[0m:[36m73[0m - [1m已处理完成 case 141, 检测到异常，score: 1.5095[0m
[32m2025-07-06 01:25:58[0m | [1mINFO[0m | [36mprocess_metric[0m:[36mprocess_parquet_files[0m:[36m73[0m - [1m已处理完成 case 142, 检测到异常，score: 2.5510[0m
[32m2025-07-06 01:25:58[0m | [1mINFO[0m | [36mprocess_metric[0m:[36mprocess_parquet_files[0m:[36m73[0m - [1m已处理完成 case 143, 检测到异常，score: 4.7376[0m
[32m2025-07-06 01:25:58[0m | [1mINFO[0m | [36mprocess_metric[0m:[36mprocess_parquet_files[0m:[36m73[0m - [1m已处理完成 case 144, 检测到异常，score: 16.0220[0m
[32m2025-07-06 01:25:58[0m | [1mINFO[0m | [36mprocess_metric[0m:[36mprocess_parquet_files[0m:[36m73[0m - [1m已处理完成 case 145, 检测到异常，score: 1.2083[0m
[32m2025-07-06 01:25:58[0m | [1mINFO[0m | [36mprocess_metric[0m:[36mprocess_parquet_files[0m:[36m73[0m - [1m已处理完成 case 146, 检测到异常，score: 62.1121[0m
[32m2025-07-06 01:25:58[0m | [1mINFO[0m | [36mprocess_metric[0m:[36mprocess_parquet_files[0m:[36m73[0m - [1m已处理完成 case 147, 检测到异常，score: 12.2325[0m
[32m2025-07-06 01:25:58[0m | [1mINFO[0m | [36mprocess_metric[0m:[36mprocess_parquet_files[0m:[36m73[0m - [1m已处理完成 case 148, 检测到异常，score: 3.3098[0m
[32m2025-07-06 01:25:58[0m | [1mINFO[0m | [36mprocess_metric[0m:[36mprocess_parquet_files[0m:[36m73[0m - [1m已处理完成 case 149, 检测到异常，score: 3.5947[0m
[32m2025-07-06 01:25:59[0m | [1mINFO[0m | [36mprocess_metric[0m:[36mprocess_parquet_files[0m:[36m73[0m - [1m已处理完成 case 150, 检测到异常，score: 34.6189[0m
[32m2025-07-06 01:25:59[0m | [1mINFO[0m | [36mprocess_metric[0m:[36mprocess_parquet_files[0m:[36m73[0m - [1m已处理完成 case 151, 检测到异常，score: 5.3668[0m
[32m2025-07-06 01:25:59[0m | [1mINFO[0m | [36mprocess_metric[0m:[36mprocess_parquet_files[0m:[36m73[0m - [1m已处理完成 case 152, 检测到异常，score: 3.3055[0m
[32m2025-07-06 01:25:59[0m | [1mINFO[0m | [36mprocess_metric[0m:[36mprocess_parquet_files[0m:[36m73[0m - [1m已处理完成 case 153, 检测到异常，score: 1.2767[0m
[32m2025-07-06 01:25:59[0m | [1mINFO[0m | [36mprocess_metric[0m:[36mprocess_parquet_files[0m:[36m73[0m - [1m已处理完成 case 154, 检测到异常，score: 11.2494[0m
[32m2025-07-06 01:25:59[0m | [1mINFO[0m | [36mprocess_metric[0m:[36mprocess_parquet_files[0m:[36m73[0m - [1m已处理完成 case 155, 检测到异常，score: 4.7811[0m
[32m2025-07-06 01:25:59[0m | [1mINFO[0m | [36mprocess_metric[0m:[36mprocess_parquet_files[0m:[36m73[0m - [1m已处理完成 case 156, 检测到异常，score: 1.4383[0m
[32m2025-07-06 01:25:59[0m | [1mINFO[0m | [36mprocess_metric[0m:[36mprocess_parquet_files[0m:[36m73[0m - [1m已处理完成 case 157, 检测到异常，score: 1.3279[0m
[32m2025-07-06 01:25:59[0m | [1mINFO[0m | [36mprocess_metric[0m:[36mprocess_parquet_files[0m:[36m73[0m - [1m已处理完成 case 158, 检测到异常，score: 39.1128[0m
[32m2025-07-06 01:25:59[0m | [1mINFO[0m | [36mprocess_metric[0m:[36mprocess_parquet_files[0m:[36m73[0m - [1m已处理完成 case 159, 检测到异常，score: -2.5604[0m
[32m2025-07-06 01:25:59[0m | [1mINFO[0m | [36mprocess_metric[0m:[36mprocess_parquet_files[0m:[36m73[0m - [1m已处理完成 case 160, 检测到异常，score: 1.7937[0m
[32m2025-07-06 01:25:59[0m | [1mINFO[0m | [36mprocess_metric[0m:[36mprocess_parquet_files[0m:[36m73[0m - [1m已处理完成 case 161, 检测到异常，score: 1052890482.1842[0m
[32m2025-07-06 01:25:59[0m | [1mINFO[0m | [36mprocess_metric[0m:[36mprocess_parquet_files[0m:[36m73[0m - [1m已处理完成 case 162, 检测到异常，score: 6.2382[0m
[32m2025-07-06 01:25:59[0m | [1mINFO[0m | [36mprocess_metric[0m:[36mprocess_parquet_files[0m:[36m73[0m - [1m已处理完成 case 163, 检测到异常，score: 2.5526[0m
[32m2025-07-06 01:25:59[0m | [1mINFO[0m | [36mprocess_metric[0m:[36mprocess_parquet_files[0m:[36m73[0m - [1m已处理完成 case 164, 检测到异常，score: 1.0423[0m
[32m2025-07-06 01:25:59[0m | [1mINFO[0m | [36mprocess_metric[0m:[36mprocess_parquet_files[0m:[36m73[0m - [1m已处理完成 case 165, 检测到异常，score: 680798084.3415[0m
[32m2025-07-06 01:25:59[0m | [1mINFO[0m | [36mprocess_metric[0m:[36mprocess_parquet_files[0m:[36m73[0m - [1m已处理完成 case 166, 检测到异常，score: 1.3580[0m
[32m2025-07-06 01:25:59[0m | [1mINFO[0m | [36mprocess_metric[0m:[36mprocess_parquet_files[0m:[36m73[0m - [1m已处理完成 case 167, 检测到异常，score: 1.2340[0m
[32m2025-07-06 01:25:59[0m | [1mINFO[0m | [36mprocess_metric[0m:[36mprocess_parquet_files[0m:[36m73[0m - [1m已处理完成 case 168, 检测到异常，score: 3.8809[0m
[32m2025-07-06 01:25:59[0m | [1mINFO[0m | [36mprocess_metric[0m:[36mprocess_parquet_files[0m:[36m73[0m - [1m已处理完成 case 169, 检测到异常，score: 1.0935[0m
[32m2025-07-06 01:25:59[0m | [1mINFO[0m | [36mprocess_metric[0m:[36mprocess_parquet_files[0m:[36m73[0m - [1m已处理完成 case 170, 检测到异常，score: 14.8595[0m
[32m2025-07-06 01:25:59[0m | [1mINFO[0m | [36mprocess_metric[0m:[36mprocess_parquet_files[0m:[36m73[0m - [1m已处理完成 case 171, 检测到异常，score: 15.8763[0m
[32m2025-07-06 01:25:59[0m | [1mINFO[0m | [36mprocess_metric[0m:[36mprocess_parquet_files[0m:[36m73[0m - [1m已处理完成 case 172, 检测到异常，score: 12.3494[0m
[32m2025-07-06 01:25:59[0m | [1mINFO[0m | [36mprocess_metric[0m:[36mprocess_parquet_files[0m:[36m73[0m - [1m已处理完成 case 173, 检测到异常，score: 2.5354[0m
[32m2025-07-06 01:25:59[0m | [1mINFO[0m | [36mprocess_metric[0m:[36mprocess_parquet_files[0m:[36m73[0m - [1m已处理完成 case 174, 检测到异常，score: 1.0538[0m
[32m2025-07-06 01:26:00[0m | [1mINFO[0m | [36mprocess_metric[0m:[36mprocess_parquet_files[0m:[36m73[0m - [1m已处理完成 case 175, 检测到异常，score: 3.1142[0m
[32m2025-07-06 01:26:00[0m | [1mINFO[0m | [36mprocess_metric[0m:[36mprocess_parquet_files[0m:[36m73[0m - [1m已处理完成 case 176, 检测到异常，score: 1.4322[0m
[32m2025-07-06 01:26:00[0m | [1mINFO[0m | [36mprocess_metric[0m:[36mprocess_parquet_files[0m:[36m73[0m - [1m已处理完成 case 177, 检测到异常，score: 53.3950[0m
[32m2025-07-06 01:26:00[0m | [1mINFO[0m | [36mprocess_metric[0m:[36mprocess_parquet_files[0m:[36m73[0m - [1m已处理完成 case 178, 检测到异常，score: 2.4856[0m
[32m2025-07-06 01:26:00[0m | [1mINFO[0m | [36mprocess_metric[0m:[36mprocess_parquet_files[0m:[36m73[0m - [1m已处理完成 case 179, 检测到异常，score: 742722749.6807[0m
[32m2025-07-06 01:26:00[0m | [1mINFO[0m | [36mprocess_metric[0m:[36mprocess_parquet_files[0m:[36m73[0m - [1m已处理完成 case 180, 检测到异常，score: 1.1622[0m
[32m2025-07-06 01:26:00[0m | [1mINFO[0m | [36mprocess_metric[0m:[36mprocess_parquet_files[0m:[36m73[0m - [1m已处理完成 case 181, 检测到异常，score: 1.7328[0m
[32m2025-07-06 01:26:00[0m | [1mINFO[0m | [36mprocess_metric[0m:[36mprocess_parquet_files[0m:[36m73[0m - [1m已处理完成 case 182, 检测到异常，score: 1.1298[0m
[32m2025-07-06 01:26:00[0m | [1mINFO[0m | [36mprocess_metric[0m:[36mprocess_parquet_files[0m:[36m73[0m - [1m已处理完成 case 183, 检测到异常，score: 18.3027[0m
[32m2025-07-06 01:26:00[0m | [1mINFO[0m | [36mprocess_metric[0m:[36mprocess_parquet_files[0m:[36m73[0m - [1m已处理完成 case 184, 检测到异常，score: 32.4513[0m
[32m2025-07-06 01:26:00[0m | [1mINFO[0m | [36mprocess_metric[0m:[36mprocess_parquet_files[0m:[36m73[0m - [1m已处理完成 case 185, 检测到异常，score: 1.8518[0m
[32m2025-07-06 01:26:00[0m | [1mINFO[0m | [36mprocess_metric[0m:[36mprocess_parquet_files[0m:[36m73[0m - [1m已处理完成 case 186, 检测到异常，score: 37.6794[0m
[32m2025-07-06 01:26:00[0m | [1mINFO[0m | [36mprocess_metric[0m:[36mprocess_parquet_files[0m:[36m73[0m - [1m已处理完成 case 187, 检测到异常，score: 10.7490[0m
[32m2025-07-06 01:26:00[0m | [1mINFO[0m | [36mprocess_metric[0m:[36mprocess_parquet_files[0m:[36m73[0m - [1m已处理完成 case 188, 检测到异常，score: 3.2486[0m
[32m2025-07-06 01:26:00[0m | [1mINFO[0m | [36mprocess_metric[0m:[36mprocess_parquet_files[0m:[36m73[0m - [1m已处理完成 case 189, 检测到异常，score: 2.5604[0m
[32m2025-07-06 01:26:00[0m | [1mINFO[0m | [36mprocess_metric[0m:[36mprocess_parquet_files[0m:[36m73[0m - [1m已处理完成 case 190, 检测到异常，score: 2.7067[0m
[32m2025-07-06 01:26:00[0m | [1mINFO[0m | [36mprocess_metric[0m:[36mprocess_parquet_files[0m:[36m73[0m - [1m已处理完成 case 191, 检测到异常，score: 5.1849[0m
[32m2025-07-06 01:26:00[0m | [1mINFO[0m | [36mprocess_metric[0m:[36mprocess_parquet_files[0m:[36m73[0m - [1m已处理完成 case 192, 检测到异常，score: 2795785572.1753[0m
[32m2025-07-06 01:26:00[0m | [1mINFO[0m | [36mprocess_metric[0m:[36mprocess_parquet_files[0m:[36m73[0m - [1m已处理完成 case 193, 检测到异常，score: 8.1467[0m
[32m2025-07-06 01:26:00[0m | [1mINFO[0m | [36mprocess_metric[0m:[36mprocess_parquet_files[0m:[36m73[0m - [1m已处理完成 case 194, 检测到异常，score: 12.9175[0m
[32m2025-07-06 01:26:00[0m | [1mINFO[0m | [36mprocess_metric[0m:[36mprocess_parquet_files[0m:[36m73[0m - [1m已处理完成 case 195, 检测到异常，score: 3.3333[0m
[32m2025-07-06 01:26:00[0m | [1mINFO[0m | [36mprocess_metric[0m:[36mprocess_parquet_files[0m:[36m73[0m - [1m已处理完成 case 196, 检测到异常，score: 2.4962[0m
[32m2025-07-06 01:26:00[0m | [1mINFO[0m | [36mprocess_metric[0m:[36mprocess_parquet_files[0m:[36m73[0m - [1m已处理完成 case 197, 检测到异常，score: 3.7573[0m
[32m2025-07-06 01:26:00[0m | [1mINFO[0m | [36mprocess_metric[0m:[36mprocess_parquet_files[0m:[36m73[0m - [1m已处理完成 case 198, 检测到异常，score: 1.1052[0m
[32m2025-07-06 01:26:01[0m | [1mINFO[0m | [36mprocess_metric[0m:[36mprocess_parquet_files[0m:[36m73[0m - [1m已处理完成 case 199, 检测到异常，score: 1.1901[0m
[32m2025-07-06 01:26:01[0m | [1mINFO[0m | [36mprocess_metric[0m:[36mprocess_parquet_files[0m:[36m73[0m - [1m已处理完成 case 200, 检测到异常，score: 3.3333[0m
[32m2025-07-06 01:26:01[0m | [1mINFO[0m | [36mprocess_metric[0m:[36mprocess_parquet_files[0m:[36m73[0m - [1m已处理完成 case 201, 检测到异常，score: 37.6894[0m
[32m2025-07-06 01:26:01[0m | [1mINFO[0m | [36mprocess_metric[0m:[36mprocess_parquet_files[0m:[36m73[0m - [1m已处理完成 case 202, 检测到异常，score: 1.8247[0m
[32m2025-07-06 01:26:01[0m | [1mINFO[0m | [36mprocess_metric[0m:[36mprocess_parquet_files[0m:[36m73[0m - [1m已处理完成 case 203, 检测到异常，score: 35.6569[0m
[32m2025-07-06 01:26:01[0m | [1mINFO[0m | [36mprocess_metric[0m:[36mprocess_parquet_files[0m:[36m73[0m - [1m已处理完成 case 204, 检测到异常，score: 1.4522[0m
[32m2025-07-06 01:26:01[0m | [1mINFO[0m | [36mprocess_metric[0m:[36mprocess_parquet_files[0m:[36m73[0m - [1m已处理完成 case 205, 检测到异常，score: 1.1446[0m
[32m2025-07-06 01:26:01[0m | [1mINFO[0m | [36mprocess_metric[0m:[36mprocess_parquet_files[0m:[36m73[0m - [1m已处理完成 case 206, 检测到异常，score: 1.1007[0m
[32m2025-07-06 01:26:01[0m | [1mINFO[0m | [36mprocess_metric[0m:[36mprocess_parquet_files[0m:[36m73[0m - [1m已处理完成 case 207, 检测到异常，score: 1.0602[0m
[32m2025-07-06 01:26:01[0m | [1mINFO[0m | [36mprocess_metric[0m:[36mprocess_parquet_files[0m:[36m73[0m - [1m已处理完成 case 208, 检测到异常，score: 11.3264[0m
[32m2025-07-06 01:26:01[0m | [1mINFO[0m | [36mprocess_metric[0m:[36mprocess_parquet_files[0m:[36m73[0m - [1m已处理完成 case 209, 检测到异常，score: 34.4364[0m
[32m2025-07-06 01:26:01[0m | [1mINFO[0m | [36mprocess_metric[0m:[36mprocess_parquet_files[0m:[36m73[0m - [1m已处理完成 case 210, 检测到异常，score: 7.8222[0m
[32m2025-07-06 01:26:01[0m | [1mINFO[0m | [36mprocess_metric[0m:[36mprocess_parquet_files[0m:[36m73[0m - [1m已处理完成 case 211, 检测到异常，score: -2.5604[0m
[32m2025-07-06 01:26:01[0m | [1mINFO[0m | [36mprocess_metric[0m:[36mprocess_parquet_files[0m:[36m73[0m - [1m已处理完成 case 212, 检测到异常，score: 2.6385[0m
[32m2025-07-06 01:26:01[0m | [1mINFO[0m | [36mprocess_metric[0m:[36mprocess_parquet_files[0m:[36m73[0m - [1m已处理完成 case 213, 检测到异常，score: 2139.8554[0m
[32m2025-07-06 01:26:01[0m | [1mINFO[0m | [36mprocess_metric[0m:[36mprocess_parquet_files[0m:[36m73[0m - [1m已处理完成 case 214, 检测到异常，score: 1.7736[0m
[32m2025-07-06 01:26:01[0m | [1mINFO[0m | [36mprocess_metric[0m:[36mprocess_parquet_files[0m:[36m73[0m - [1m已处理完成 case 215, 检测到异常，score: -1.0000[0m
[32m2025-07-06 01:26:01[0m | [1mINFO[0m | [36mprocess_metric[0m:[36mprocess_parquet_files[0m:[36m73[0m - [1m已处理完成 case 216, 检测到异常，score: 50.6483[0m
[32m2025-07-06 01:26:01[0m | [1mINFO[0m | [36mprocess_metric[0m:[36mprocess_parquet_files[0m:[36m73[0m - [1m已处理完成 case 217, 检测到异常，score: 483099285.5812[0m
[32m2025-07-06 01:26:01[0m | [1mINFO[0m | [36mprocess_metric[0m:[36mprocess_parquet_files[0m:[36m73[0m - [1m已处理完成 case 218, 检测到异常，score: 2.0337[0m
[32m2025-07-06 01:26:01[0m | [1mINFO[0m | [36mprocess_metric[0m:[36mprocess_parquet_files[0m:[36m73[0m - [1m已处理完成 case 219, 检测到异常，score: 8.4804[0m
[32m2025-07-06 01:26:01[0m | [1mINFO[0m | [36mprocess_metric[0m:[36mprocess_parquet_files[0m:[36m73[0m - [1m已处理完成 case 220, 检测到异常，score: 15.3012[0m
[32m2025-07-06 01:26:01[0m | [1mINFO[0m | [36mprocess_metric[0m:[36mprocess_parquet_files[0m:[36m73[0m - [1m已处理完成 case 221, 检测到异常，score: 1214314570.9572[0m
[32m2025-07-06 01:26:01[0m | [1mINFO[0m | [36mprocess_metric[0m:[36mprocess_parquet_files[0m:[36m73[0m - [1m已处理完成 case 222, 检测到异常，score: 1.0705[0m
[32m2025-07-06 01:26:01[0m | [1mINFO[0m | [36mprocess_metric[0m:[36mprocess_parquet_files[0m:[36m73[0m - [1m已处理完成 case 223, 检测到异常，score: 11.0727[0m
[32m2025-07-06 01:26:01[0m | [1mINFO[0m | [36mprocess_metric[0m:[36mprocess_parquet_files[0m:[36m73[0m - [1m已处理完成 case 224, 检测到异常，score: 42.5330[0m
[32m2025-07-06 01:26:02[0m | [1mINFO[0m | [36mprocess_metric[0m:[36mprocess_parquet_files[0m:[36m73[0m - [1m已处理完成 case 225, 检测到异常，score: 1.1906[0m
[32m2025-07-06 01:26:02[0m | [1mINFO[0m | [36mprocess_metric[0m:[36mprocess_parquet_files[0m:[36m73[0m - [1m已处理完成 case 226, 检测到异常，score: 7.9630[0m
[32m2025-07-06 01:26:02[0m | [1mINFO[0m | [36mprocess_metric[0m:[36mprocess_parquet_files[0m:[36m73[0m - [1m已处理完成 case 227, 检测到异常，score: 759250124.5226[0m
[32m2025-07-06 01:26:02[0m | [1mINFO[0m | [36mprocess_metric[0m:[36mprocess_parquet_files[0m:[36m73[0m - [1m已处理完成 case 228, 检测到异常，score: 3579139410.0000[0m
[32m2025-07-06 01:26:02[0m | [1mINFO[0m | [36mprocess_metric[0m:[36mprocess_parquet_files[0m:[36m73[0m - [1m已处理完成 case 229, 检测到异常，score: 12.6992[0m
[32m2025-07-06 01:26:02[0m | [1mINFO[0m | [36mprocess_metric[0m:[36mprocess_parquet_files[0m:[36m73[0m - [1m已处理完成 case 230, 检测到异常，score: 3579139410.0000[0m
[32m2025-07-06 01:26:02[0m | [1mINFO[0m | [36mprocess_metric[0m:[36mprocess_parquet_files[0m:[36m73[0m - [1m已处理完成 case 231, 检测到异常，score: 11.6093[0m
[32m2025-07-06 01:26:02[0m | [1mINFO[0m | [36mprocess_metric[0m:[36mprocess_parquet_files[0m:[36m73[0m - [1m已处理完成 case 232, 检测到异常，score: 13.9387[0m
[32m2025-07-06 01:26:02[0m | [1mINFO[0m | [36mprocess_metric[0m:[36mprocess_parquet_files[0m:[36m73[0m - [1m已处理完成 case 233, 检测到异常，score: 16.2256[0m
[32m2025-07-06 01:26:02[0m | [1mINFO[0m | [36mprocess_metric[0m:[36mprocess_parquet_files[0m:[36m73[0m - [1m已处理完成 case 234, 检测到异常，score: 13.1577[0m
[32m2025-07-06 01:26:02[0m | [1mINFO[0m | [36mprocess_metric[0m:[36mprocess_parquet_files[0m:[36m73[0m - [1m已处理完成 case 235, 检测到异常，score: 2.0488[0m
[32m2025-07-06 01:26:02[0m | [1mINFO[0m | [36mprocess_metric[0m:[36mprocess_parquet_files[0m:[36m73[0m - [1m已处理完成 case 236, 检测到异常，score: 1.1591[0m
[32m2025-07-06 01:26:02[0m | [1mINFO[0m | [36mprocess_metric[0m:[36mprocess_parquet_files[0m:[36m73[0m - [1m已处理完成 case 237, 检测到异常，score: 16.0993[0m
[32m2025-07-06 01:26:02[0m | [1mINFO[0m | [36mprocess_metric[0m:[36mprocess_parquet_files[0m:[36m73[0m - [1m已处理完成 case 238, 检测到异常，score: 33.5440[0m
[32m2025-07-06 01:26:02[0m | [1mINFO[0m | [36mprocess_metric[0m:[36mprocess_parquet_files[0m:[36m73[0m - [1m已处理完成 case 239, 检测到异常，score: 1.2208[0m
[32m2025-07-06 01:26:02[0m | [1mINFO[0m | [36mprocess_metric[0m:[36mprocess_parquet_files[0m:[36m73[0m - [1m已处理完成 case 240, 检测到异常，score: 2.5521[0m
[32m2025-07-06 01:26:02[0m | [1mINFO[0m | [36mprocess_metric[0m:[36mprocess_parquet_files[0m:[36m73[0m - [1m已处理完成 case 241, 检测到异常，score: 1.4518[0m
[32m2025-07-06 01:26:02[0m | [1mINFO[0m | [36mprocess_metric[0m:[36mprocess_parquet_files[0m:[36m73[0m - [1m已处理完成 case 242, 检测到异常，score: 1.0789[0m
[32m2025-07-06 01:26:02[0m | [1mINFO[0m | [36mprocess_metric[0m:[36mprocess_parquet_files[0m:[36m73[0m - [1m已处理完成 case 243, 检测到异常，score: -3.3333[0m
[32m2025-07-06 01:26:02[0m | [1mINFO[0m | [36mprocess_metric[0m:[36mprocess_parquet_files[0m:[36m73[0m - [1m已处理完成 case 244, 检测到异常，score: 1.3188[0m
[32m2025-07-06 01:26:02[0m | [1mINFO[0m | [36mprocess_metric[0m:[36mprocess_parquet_files[0m:[36m73[0m - [1m已处理完成 case 245, 检测到异常，score: 2.7054[0m
[32m2025-07-06 01:26:02[0m | [1mINFO[0m | [36mprocess_metric[0m:[36mprocess_parquet_files[0m:[36m73[0m - [1m已处理完成 case 246, 检测到异常，score: 1094814526.0054[0m
[32m2025-07-06 01:26:02[0m | [1mINFO[0m | [36mprocess_metric[0m:[36mprocess_parquet_files[0m:[36m73[0m - [1m已处理完成 case 247, 检测到异常，score: 12.5653[0m
[32m2025-07-06 01:26:02[0m | [1mINFO[0m | [36mprocess_metric[0m:[36mprocess_parquet_files[0m:[36m73[0m - [1m已处理完成 case 248, 检测到异常，score: 12.7643[0m
[32m2025-07-06 01:26:02[0m | [1mINFO[0m | [36mprocess_metric[0m:[36mprocess_parquet_files[0m:[36m73[0m - [1m已处理完成 case 249, 检测到异常，score: 7.8609[0m
[32m2025-07-06 01:26:03[0m | [1mINFO[0m | [36mprocess_metric[0m:[36mprocess_parquet_files[0m:[36m73[0m - [1m已处理完成 case 250, 检测到异常，score: 33.8212[0m
[32m2025-07-06 01:26:03[0m | [1mINFO[0m | [36mprocess_metric[0m:[36mprocess_parquet_files[0m:[36m73[0m - [1m已处理完成 case 251, 检测到异常，score: 1.4128[0m
[32m2025-07-06 01:26:03[0m | [1mINFO[0m | [36mprocess_metric[0m:[36mprocess_parquet_files[0m:[36m73[0m - [1m已处理完成 case 252, 检测到异常，score: 2.1857[0m
[32m2025-07-06 01:26:03[0m | [1mINFO[0m | [36mprocess_metric[0m:[36mprocess_parquet_files[0m:[36m73[0m - [1m已处理完成 case 253, 检测到异常，score: 1.2472[0m
[32m2025-07-06 01:26:03[0m | [1mINFO[0m | [36mprocess_metric[0m:[36mprocess_parquet_files[0m:[36m73[0m - [1m已处理完成 case 254, 检测到异常，score: 10.7211[0m
[32m2025-07-06 01:26:03[0m | [1mINFO[0m | [36mprocess_metric[0m:[36mprocess_parquet_files[0m:[36m73[0m - [1m已处理完成 case 255, 检测到异常，score: 1.0550[0m
[32m2025-07-06 01:26:03[0m | [1mINFO[0m | [36mprocess_metric[0m:[36mprocess_parquet_files[0m:[36m73[0m - [1m已处理完成 case 256, 检测到异常，score: 2.5539[0m
[32m2025-07-06 01:26:03[0m | [1mINFO[0m | [36mprocess_metric[0m:[36mprocess_parquet_files[0m:[36m73[0m - [1m已处理完成 case 257, 检测到异常，score: 1.1008[0m
[32m2025-07-06 01:26:03[0m | [1mINFO[0m | [36mprocess_metric[0m:[36mprocess_parquet_files[0m:[36m73[0m - [1m已处理完成 case 258, 检测到异常，score: 3.9283[0m
[32m2025-07-06 01:26:03[0m | [1mINFO[0m | [36mprocess_metric[0m:[36mprocess_parquet_files[0m:[36m73[0m - [1m已处理完成 case 259, 检测到异常，score: -2.6472[0m
[32m2025-07-06 01:26:03[0m | [1mINFO[0m | [36mprocess_metric[0m:[36mprocess_parquet_files[0m:[36m73[0m - [1m已处理完成 case 260, 检测到异常，score: 1.0451[0m
[32m2025-07-06 01:26:03[0m | [1mINFO[0m | [36mprocess_metric[0m:[36mprocess_parquet_files[0m:[36m73[0m - [1m已处理完成 case 261, 检测到异常，score: 33.9933[0m
[32m2025-07-06 01:26:03[0m | [1mINFO[0m | [36mprocess_metric[0m:[36mprocess_parquet_files[0m:[36m73[0m - [1m已处理完成 case 262, 检测到异常，score: 1.3884[0m
[32m2025-07-06 01:26:03[0m | [1mINFO[0m | [36mprocess_metric[0m:[36mprocess_parquet_files[0m:[36m73[0m - [1m已处理完成 case 263, 检测到异常，score: 1.3901[0m
[32m2025-07-06 01:26:03[0m | [1mINFO[0m | [36mprocess_metric[0m:[36mprocess_parquet_files[0m:[36m73[0m - [1m已处理完成 case 264, 检测到异常，score: 3.3333[0m
[32m2025-07-06 01:26:03[0m | [1mINFO[0m | [36mprocess_metric[0m:[36mprocess_parquet_files[0m:[36m73[0m - [1m已处理完成 case 265, 检测到异常，score: 12.5123[0m
[32m2025-07-06 01:26:03[0m | [1mINFO[0m | [36mprocess_metric[0m:[36mprocess_parquet_files[0m:[36m73[0m - [1m已处理完成 case 266, 检测到异常，score: 33.6895[0m
[32m2025-07-06 01:26:03[0m | [1mINFO[0m | [36mprocess_metric[0m:[36mprocess_parquet_files[0m:[36m73[0m - [1m已处理完成 case 267, 检测到异常，score: 1.0871[0m
[32m2025-07-06 01:26:03[0m | [1mINFO[0m | [36mprocess_metric[0m:[36mprocess_parquet_files[0m:[36m73[0m - [1m已处理完成 case 268, 检测到异常，score: 1.0478[0m
[32m2025-07-06 01:26:03[0m | [1mINFO[0m | [36mprocess_metric[0m:[36mprocess_parquet_files[0m:[36m73[0m - [1m已处理完成 case 269, 检测到异常，score: 1.1050[0m
[32m2025-07-06 01:26:03[0m | [1mINFO[0m | [36mprocess_metric[0m:[36mprocess_parquet_files[0m:[36m73[0m - [1m已处理完成 case 270, 检测到异常，score: 1.2472[0m
[32m2025-07-06 01:26:04[0m | [1mINFO[0m | [36mprocess_metric[0m:[36mprocess_parquet_files[0m:[36m73[0m - [1m已处理完成 case 271, 检测到异常，score: 1.4449[0m
[32m2025-07-06 01:26:04[0m | [1mINFO[0m | [36mprocess_metric[0m:[36mprocess_parquet_files[0m:[36m73[0m - [1m已处理完成 case 272, 检测到异常，score: 5.0903[0m
[32m2025-07-06 01:26:04[0m | [1mINFO[0m | [36mprocess_metric[0m:[36mprocess_parquet_files[0m:[36m73[0m - [1m已处理完成 case 273, 检测到异常，score: 5.8569[0m
[32m2025-07-06 01:26:04[0m | [1mINFO[0m | [36mprocess_metric[0m:[36mprocess_parquet_files[0m:[36m73[0m - [1m已处理完成 case 274, 检测到异常，score: 1.2413[0m
[32m2025-07-06 01:26:04[0m | [1mINFO[0m | [36mprocess_metric[0m:[36mprocess_parquet_files[0m:[36m73[0m - [1m已处理完成 case 275, 检测到异常，score: 3.8013[0m
[32m2025-07-06 01:26:04[0m | [1mINFO[0m | [36mprocess_metric[0m:[36mprocess_parquet_files[0m:[36m73[0m - [1m已处理完成 case 276, 检测到异常，score: 1.2166[0m
[32m2025-07-06 01:26:04[0m | [32m[1mSUCCESS[0m | [36mprocess_metric[0m:[36mprocess_parquet_files[0m:[36m86[0m - [32m[1m处理完成，结果已保存到: ../data/rcabench/demo/demo2/anomalies/demo_metric.json[0m
[32m2025-07-06 01:26:04[0m | [1mINFO[0m | [36mprocess_metric[0m:[36mprocess_parquet_files[0m:[36m87[0m - [1m共处理了 277 个case[0m
[32m2025-07-06 01:26:05[0m | [1mINFO[0m | [36mdataset.dataset_trace[0m:[36mpreprocess_trace_data[0m:[36m90[0m - [1m已处理完成 case 0，生成 234197 条记录[0m
[32m2025-07-06 01:26:09[0m | [1mINFO[0m | [36mdataset.dataset_trace[0m:[36mpreprocess_trace_data[0m:[36m90[0m - [1m已处理完成 case 1，生成 708620 条记录[0m
[32m2025-07-06 01:26:11[0m | [1mINFO[0m | [36mdataset.dataset_trace[0m:[36mpreprocess_trace_data[0m:[36m90[0m - [1m已处理完成 case 2，生成 389119 条记录[0m
[32m2025-07-06 01:26:13[0m | [1mINFO[0m | [36mdataset.dataset_trace[0m:[36mpreprocess_trace_data[0m:[36m90[0m - [1m已处理完成 case 3，生成 314245 条记录[0m
[32m2025-07-06 01:26:15[0m | [1mINFO[0m | [36mdataset.dataset_trace[0m:[36mpreprocess_trace_data[0m:[36m90[0m - [1m已处理完成 case 4，生成 366983 条记录[0m
[32m2025-07-06 01:26:16[0m | [1mINFO[0m | [36mdataset.dataset_trace[0m:[36mpreprocess_trace_data[0m:[36m90[0m - [1m已处理完成 case 5，生成 224971 条记录[0m
[32m2025-07-06 01:26:19[0m | [1mINFO[0m | [36mdataset.dataset_trace[0m:[36mpreprocess_trace_data[0m:[36m90[0m - [1m已处理完成 case 6，生成 474787 条记录[0m
[32m2025-07-06 01:26:21[0m | [1mINFO[0m | [36mdataset.dataset_trace[0m:[36mpreprocess_trace_data[0m:[36m90[0m - [1m已处理完成 case 7，生成 332564 条记录[0m
[32m2025-07-06 01:26:24[0m | [1mINFO[0m | [36mdataset.dataset_trace[0m:[36mpreprocess_trace_data[0m:[36m90[0m - [1m已处理完成 case 8，生成 591195 条记录[0m
[32m2025-07-06 01:26:28[0m | [1mINFO[0m | [36mdataset.dataset_trace[0m:[36mpreprocess_trace_data[0m:[36m90[0m - [1m已处理完成 case 9，生成 681323 条记录[0m
[32m2025-07-06 01:26:37[0m | [1mINFO[0m | [36mdataset.dataset_trace[0m:[36mpreprocess_trace_data[0m:[36m90[0m - [1m已处理完成 case 10，生成 1351594 条记录[0m
[32m2025-07-06 01:26:41[0m | [1mINFO[0m | [36mdataset.dataset_trace[0m:[36mpreprocess_trace_data[0m:[36m90[0m - [1m已处理完成 case 11，生成 683760 条记录[0m
[32m2025-07-06 01:26:45[0m | [1mINFO[0m | [36mdataset.dataset_trace[0m:[36mpreprocess_trace_data[0m:[36m90[0m - [1m已处理完成 case 12，生成 809832 条记录[0m
[32m2025-07-06 01:26:49[0m | [1mINFO[0m | [36mdataset.dataset_trace[0m:[36mpreprocess_trace_data[0m:[36m90[0m - [1m已处理完成 case 13，生成 692576 条记录[0m
[32m2025-07-06 01:26:50[0m | [1mINFO[0m | [36mdataset.dataset_trace[0m:[36mpreprocess_trace_data[0m:[36m90[0m - [1m已处理完成 case 14，生成 24598 条记录[0m
[32m2025-07-06 01:26:55[0m | [1mINFO[0m | [36mdataset.dataset_trace[0m:[36mpreprocess_trace_data[0m:[36m90[0m - [1m已处理完成 case 15，生成 724146 条记录[0m
[32m2025-07-06 01:26:58[0m | [1mINFO[0m | [36mdataset.dataset_trace[0m:[36mpreprocess_trace_data[0m:[36m90[0m - [1m已处理完成 case 16，生成 596862 条记录[0m
[32m2025-07-06 01:26:59[0m | [1mINFO[0m | [36mdataset.dataset_trace[0m:[36mpreprocess_trace_data[0m:[36m90[0m - [1m已处理完成 case 17，生成 9286 条记录[0m
[32m2025-07-06 01:26:59[0m | [1mINFO[0m | [36mdataset.dataset_trace[0m:[36mpreprocess_trace_data[0m:[36m90[0m - [1m已处理完成 case 18，生成 162131 条记录[0m
[32m2025-07-06 01:27:03[0m | [1mINFO[0m | [36mdataset.dataset_trace[0m:[36mpreprocess_trace_data[0m:[36m90[0m - [1m已处理完成 case 19，生成 692271 条记录[0m
[32m2025-07-06 01:27:08[0m | [1mINFO[0m | [36mdataset.dataset_trace[0m:[36mpreprocess_trace_data[0m:[36m90[0m - [1m已处理完成 case 20，生成 634291 条记录[0m
[32m2025-07-06 01:27:13[0m | [1mINFO[0m | [36mdataset.dataset_trace[0m:[36mpreprocess_trace_data[0m:[36m90[0m - [1m已处理完成 case 21，生成 800690 条记录[0m
[32m2025-07-06 01:27:16[0m | [1mINFO[0m | [36mdataset.dataset_trace[0m:[36mpreprocess_trace_data[0m:[36m90[0m - [1m已处理完成 case 22，生成 642851 条记录[0m
[32m2025-07-06 01:27:18[0m | [1mINFO[0m | [36mdataset.dataset_trace[0m:[36mpreprocess_trace_data[0m:[36m90[0m - [1m已处理完成 case 23，生成 412363 条记录[0m
[32m2025-07-06 01:27:22[0m | [1mINFO[0m | [36mdataset.dataset_trace[0m:[36mpreprocess_trace_data[0m:[36m90[0m - [1m已处理完成 case 24，生成 815836 条记录[0m
[32m2025-07-06 01:27:27[0m | [1mINFO[0m | [36mdataset.dataset_trace[0m:[36mpreprocess_trace_data[0m:[36m90[0m - [1m已处理完成 case 25，生成 538049 条记录[0m
[32m2025-07-06 01:27:32[0m | [1mINFO[0m | [36mdataset.dataset_trace[0m:[36mpreprocess_trace_data[0m:[36m90[0m - [1m已处理完成 case 26，生成 744378 条记录[0m
[32m2025-07-06 01:27:36[0m | [1mINFO[0m | [36mdataset.dataset_trace[0m:[36mpreprocess_trace_data[0m:[36m90[0m - [1m已处理完成 case 27，生成 828326 条记录[0m
[32m2025-07-06 01:27:36[0m | [1mINFO[0m | [36mdataset.dataset_trace[0m:[36mpreprocess_trace_data[0m:[36m90[0m - [1m已处理完成 case 28，生成 62641 条记录[0m
[32m2025-07-06 01:27:37[0m | [1mINFO[0m | [36mdataset.dataset_trace[0m:[36mpreprocess_trace_data[0m:[36m90[0m - [1m已处理完成 case 29，生成 73217 条记录[0m
[32m2025-07-06 01:27:40[0m | [1mINFO[0m | [36mdataset.dataset_trace[0m:[36mpreprocess_trace_data[0m:[36m90[0m - [1m已处理完成 case 30，生成 201090 条记录[0m
[32m2025-07-06 01:27:44[0m | [1mINFO[0m | [36mdataset.dataset_trace[0m:[36mpreprocess_trace_data[0m:[36m90[0m - [1m已处理完成 case 31，生成 768178 条记录[0m
[32m2025-07-06 01:27:48[0m | [1mINFO[0m | [36mdataset.dataset_trace[0m:[36mpreprocess_trace_data[0m:[36m90[0m - [1m已处理完成 case 32，生成 693014 条记录[0m
[32m2025-07-06 01:27:49[0m | [1mINFO[0m | [36mdataset.dataset_trace[0m:[36mpreprocess_trace_data[0m:[36m90[0m - [1m已处理完成 case 33，生成 9374 条记录[0m
[32m2025-07-06 01:27:49[0m | [1mINFO[0m | [36mdataset.dataset_trace[0m:[36mpreprocess_trace_data[0m:[36m90[0m - [1m已处理完成 case 34，生成 22938 条记录[0m
[32m2025-07-06 01:27:56[0m | [1mINFO[0m | [36mdataset.dataset_trace[0m:[36mpreprocess_trace_data[0m:[36m90[0m - [1m已处理完成 case 35，生成 788928 条记录[0m
[32m2025-07-06 01:28:00[0m | [1mINFO[0m | [36mdataset.dataset_trace[0m:[36mpreprocess_trace_data[0m:[36m90[0m - [1m已处理完成 case 36，生成 682657 条记录[0m
[32m2025-07-06 01:28:03[0m | [1mINFO[0m | [36mdataset.dataset_trace[0m:[36mpreprocess_trace_data[0m:[36m90[0m - [1m已处理完成 case 37，生成 463750 条记录[0m
[32m2025-07-06 01:28:07[0m | [1mINFO[0m | [36mdataset.dataset_trace[0m:[36mpreprocess_trace_data[0m:[36m90[0m - [1m已处理完成 case 38，生成 651018 条记录[0m
[32m2025-07-06 01:28:12[0m | [1mINFO[0m | [36mdataset.dataset_trace[0m:[36mpreprocess_trace_data[0m:[36m90[0m - [1m已处理完成 case 39，生成 749838 条记录[0m
[32m2025-07-06 01:28:19[0m | [1mINFO[0m | [36mdataset.dataset_trace[0m:[36mpreprocess_trace_data[0m:[36m90[0m - [1m已处理完成 case 40，生成 630289 条记录[0m
[32m2025-07-06 01:28:29[0m | [1mINFO[0m | [36mdataset.dataset_trace[0m:[36mpreprocess_trace_data[0m:[36m90[0m - [1m已处理完成 case 41，生成 1652299 条记录[0m
[32m2025-07-06 01:28:34[0m | [1mINFO[0m | [36mdataset.dataset_trace[0m:[36mpreprocess_trace_data[0m:[36m90[0m - [1m已处理完成 case 42，生成 733494 条记录[0m
[32m2025-07-06 01:28:35[0m | [1mINFO[0m | [36mdataset.dataset_trace[0m:[36mpreprocess_trace_data[0m:[36m90[0m - [1m已处理完成 case 43，生成 315610 条记录[0m
[32m2025-07-06 01:28:39[0m | [1mINFO[0m | [36mdataset.dataset_trace[0m:[36mpreprocess_trace_data[0m:[36m90[0m - [1m已处理完成 case 44，生成 659742 条记录[0m
[32m2025-07-06 01:28:46[0m | [1mINFO[0m | [36mdataset.dataset_trace[0m:[36mpreprocess_trace_data[0m:[36m90[0m - [1m已处理完成 case 45，生成 696414 条记录[0m
[32m2025-07-06 01:28:49[0m | [1mINFO[0m | [36mdataset.dataset_trace[0m:[36mpreprocess_trace_data[0m:[36m90[0m - [1m已处理完成 case 46，生成 594291 条记录[0m
[32m2025-07-06 01:28:50[0m | [1mINFO[0m | [36mdataset.dataset_trace[0m:[36mpreprocess_trace_data[0m:[36m90[0m - [1m已处理完成 case 47，生成 85049 条记录[0m
[32m2025-07-06 01:28:54[0m | [1mINFO[0m | [36mdataset.dataset_trace[0m:[36mpreprocess_trace_data[0m:[36m90[0m - [1m已处理完成 case 48，生成 680052 条记录[0m
[32m2025-07-06 01:29:06[0m | [1mINFO[0m | [36mdataset.dataset_trace[0m:[36mpreprocess_trace_data[0m:[36m90[0m - [1m已处理完成 case 49，生成 2084208 条记录[0m
[32m2025-07-06 01:29:14[0m | [1mINFO[0m | [36mdataset.dataset_trace[0m:[36mpreprocess_trace_data[0m:[36m90[0m - [1m已处理完成 case 50，生成 682768 条记录[0m
[32m2025-07-06 01:29:18[0m | [1mINFO[0m | [36mdataset.dataset_trace[0m:[36mpreprocess_trace_data[0m:[36m90[0m - [1m已处理完成 case 51，生成 837427 条记录[0m
[32m2025-07-06 01:29:21[0m | [1mINFO[0m | [36mdataset.dataset_trace[0m:[36mpreprocess_trace_data[0m:[36m90[0m - [1m已处理完成 case 52，生成 537645 条记录[0m
[32m2025-07-06 01:29:26[0m | [1mINFO[0m | [36mdataset.dataset_trace[0m:[36mpreprocess_trace_data[0m:[36m90[0m - [1m已处理完成 case 53，生成 775082 条记录[0m
[32m2025-07-06 01:29:26[0m | [1mINFO[0m | [36mdataset.dataset_trace[0m:[36mpreprocess_trace_data[0m:[36m90[0m - [1m已处理完成 case 54，生成 7416 条记录[0m
[32m2025-07-06 01:29:34[0m | [1mINFO[0m | [36mdataset.dataset_trace[0m:[36mpreprocess_trace_data[0m:[36m90[0m - [1m已处理完成 case 55，生成 806762 条记录[0m
[32m2025-07-06 01:29:39[0m | [1mINFO[0m | [36mdataset.dataset_trace[0m:[36mpreprocess_trace_data[0m:[36m90[0m - [1m已处理完成 case 56，生成 773052 条记录[0m
[32m2025-07-06 01:29:43[0m | [1mINFO[0m | [36mdataset.dataset_trace[0m:[36mpreprocess_trace_data[0m:[36m90[0m - [1m已处理完成 case 57，生成 821851 条记录[0m
[32m2025-07-06 01:29:43[0m | [1mINFO[0m | [36mdataset.dataset_trace[0m:[36mpreprocess_trace_data[0m:[36m90[0m - [1m已处理完成 case 58，生成 7290 条记录[0m
[32m2025-07-06 01:29:48[0m | [1mINFO[0m | [36mdataset.dataset_trace[0m:[36mpreprocess_trace_data[0m:[36m90[0m - [1m已处理完成 case 59，生成 813641 条记录[0m
[32m2025-07-06 01:29:54[0m | [1mINFO[0m | [36mdataset.dataset_trace[0m:[36mpreprocess_trace_data[0m:[36m90[0m - [1m已处理完成 case 60，生成 233510 条记录[0m
[32m2025-07-06 01:29:56[0m | [1mINFO[0m | [36mdataset.dataset_trace[0m:[36mpreprocess_trace_data[0m:[36m90[0m - [1m已处理完成 case 61，生成 263703 条记录[0m
[32m2025-07-06 01:30:00[0m | [1mINFO[0m | [36mdataset.dataset_trace[0m:[36mpreprocess_trace_data[0m:[36m90[0m - [1m已处理完成 case 62，生成 742298 条记录[0m
[32m2025-07-06 01:30:04[0m | [1mINFO[0m | [36mdataset.dataset_trace[0m:[36mpreprocess_trace_data[0m:[36m90[0m - [1m已处理完成 case 63，生成 652295 条记录[0m
[32m2025-07-06 01:30:09[0m | [1mINFO[0m | [36mdataset.dataset_trace[0m:[36mpreprocess_trace_data[0m:[36m90[0m - [1m已处理完成 case 64，生成 737323 条记录[0m
[32m2025-07-06 01:30:14[0m | [1mINFO[0m | [36mdataset.dataset_trace[0m:[36mpreprocess_trace_data[0m:[36m90[0m - [1m已处理完成 case 65，生成 99965 条记录[0m
[32m2025-07-06 01:30:18[0m | [1mINFO[0m | [36mdataset.dataset_trace[0m:[36mpreprocess_trace_data[0m:[36m90[0m - [1m已处理完成 case 66，生成 692544 条记录[0m
[32m2025-07-06 01:30:21[0m | [1mINFO[0m | [36mdataset.dataset_trace[0m:[36mpreprocess_trace_data[0m:[36m90[0m - [1m已处理完成 case 67，生成 628010 条记录[0m
[32m2025-07-06 01:30:25[0m | [1mINFO[0m | [36mdataset.dataset_trace[0m:[36mpreprocess_trace_data[0m:[36m90[0m - [1m已处理完成 case 68，生成 650738 条记录[0m
[32m2025-07-06 01:30:30[0m | [1mINFO[0m | [36mdataset.dataset_trace[0m:[36mpreprocess_trace_data[0m:[36m90[0m - [1m已处理完成 case 69，生成 774352 条记录[0m
[32m2025-07-06 01:30:38[0m | [1mINFO[0m | [36mdataset.dataset_trace[0m:[36mpreprocess_trace_data[0m:[36m90[0m - [1m已处理完成 case 70，生成 769967 条记录[0m
[32m2025-07-06 01:30:42[0m | [1mINFO[0m | [36mdataset.dataset_trace[0m:[36mpreprocess_trace_data[0m:[36m90[0m - [1m已处理完成 case 71，生成 705912 条记录[0m
[32m2025-07-06 01:30:46[0m | [1mINFO[0m | [36mdataset.dataset_trace[0m:[36mpreprocess_trace_data[0m:[36m90[0m - [1m已处理完成 case 72，生成 709153 条记录[0m
[32m2025-07-06 01:30:49[0m | [1mINFO[0m | [36mdataset.dataset_trace[0m:[36mpreprocess_trace_data[0m:[36m90[0m - [1m已处理完成 case 73，生成 462039 条记录[0m
[32m2025-07-06 01:30:52[0m | [1mINFO[0m | [36mdataset.dataset_trace[0m:[36mpreprocess_trace_data[0m:[36m90[0m - [1m已处理完成 case 74，生成 496467 条记录[0m
[32m2025-07-06 01:31:01[0m | [1mINFO[0m | [36mdataset.dataset_trace[0m:[36mpreprocess_trace_data[0m:[36m90[0m - [1m已处理完成 case 75，生成 656187 条记录[0m
[32m2025-07-06 01:31:10[0m | [1mINFO[0m | [36mdataset.dataset_trace[0m:[36mpreprocess_trace_data[0m:[36m90[0m - [1m已处理完成 case 76，生成 1496598 条记录[0m
[32m2025-07-06 01:31:14[0m | [1mINFO[0m | [36mdataset.dataset_trace[0m:[36mpreprocess_trace_data[0m:[36m90[0m - [1m已处理完成 case 77，生成 758424 条记录[0m
[32m2025-07-06 01:31:18[0m | [1mINFO[0m | [36mdataset.dataset_trace[0m:[36mpreprocess_trace_data[0m:[36m90[0m - [1m已处理完成 case 78，生成 754392 条记录[0m
[32m2025-07-06 01:31:26[0m | [1mINFO[0m | [36mdataset.dataset_trace[0m:[36mpreprocess_trace_data[0m:[36m90[0m - [1m已处理完成 case 79，生成 1472558 条记录[0m
[32m2025-07-06 01:31:37[0m | [1mINFO[0m | [36mdataset.dataset_trace[0m:[36mpreprocess_trace_data[0m:[36m90[0m - [1m已处理完成 case 80，生成 1034225 条记录[0m
[32m2025-07-06 01:31:41[0m | [1mINFO[0m | [36mdataset.dataset_trace[0m:[36mpreprocess_trace_data[0m:[36m90[0m - [1m已处理完成 case 81，生成 600412 条记录[0m
[32m2025-07-06 01:31:46[0m | [1mINFO[0m | [36mdataset.dataset_trace[0m:[36mpreprocess_trace_data[0m:[36m90[0m - [1m已处理完成 case 82，生成 979434 条记录[0m
[32m2025-07-06 01:31:49[0m | [1mINFO[0m | [36mdataset.dataset_trace[0m:[36mpreprocess_trace_data[0m:[36m90[0m - [1m已处理完成 case 83，生成 674226 条记录[0m
[32m2025-07-06 01:31:51[0m | [1mINFO[0m | [36mdataset.dataset_trace[0m:[36mpreprocess_trace_data[0m:[36m90[0m - [1m已处理完成 case 84，生成 394786 条记录[0m
[32m2025-07-06 01:32:01[0m | [1mINFO[0m | [36mdataset.dataset_trace[0m:[36mpreprocess_trace_data[0m:[36m90[0m - [1m已处理完成 case 85，生成 617916 条记录[0m
[32m2025-07-06 01:32:02[0m | [1mINFO[0m | [36mdataset.dataset_trace[0m:[36mpreprocess_trace_data[0m:[36m90[0m - [1m已处理完成 case 86，生成 77696 条记录[0m
[32m2025-07-06 01:32:06[0m | [1mINFO[0m | [36mdataset.dataset_trace[0m:[36mpreprocess_trace_data[0m:[36m90[0m - [1m已处理完成 case 87，生成 730925 条记录[0m
[32m2025-07-06 01:32:06[0m | [1mINFO[0m | [36mdataset.dataset_trace[0m:[36mpreprocess_trace_data[0m:[36m90[0m - [1m已处理完成 case 88，生成 9550 条记录[0m
[32m2025-07-06 01:32:06[0m | [1mINFO[0m | [36mdataset.dataset_trace[0m:[36mpreprocess_trace_data[0m:[36m90[0m - [1m已处理完成 case 89，生成 14685 条记录[0m
[32m2025-07-06 01:32:16[0m | [1mINFO[0m | [36mdataset.dataset_trace[0m:[36mpreprocess_trace_data[0m:[36m90[0m - [1m已处理完成 case 90，生成 583193 条记录[0m
[32m2025-07-06 01:32:20[0m | [1mINFO[0m | [36mdataset.dataset_trace[0m:[36mpreprocess_trace_data[0m:[36m90[0m - [1m已处理完成 case 91，生成 688436 条记录[0m
[32m2025-07-06 01:32:23[0m | [1mINFO[0m | [36mdataset.dataset_trace[0m:[36mpreprocess_trace_data[0m:[36m90[0m - [1m已处理完成 case 92，生成 654598 条记录[0m
[32m2025-07-06 01:32:24[0m | [1mINFO[0m | [36mdataset.dataset_trace[0m:[36mpreprocess_trace_data[0m:[36m90[0m - [1m已处理完成 case 93，生成 195340 条记录[0m
[32m2025-07-06 01:32:26[0m | [1mINFO[0m | [36mdataset.dataset_trace[0m:[36mpreprocess_trace_data[0m:[36m90[0m - [1m已处理完成 case 94，生成 384309 条记录[0m
[32m2025-07-06 01:32:36[0m | [1mINFO[0m | [36mdataset.dataset_trace[0m:[36mpreprocess_trace_data[0m:[36m90[0m - [1m已处理完成 case 95，生成 510479 条记录[0m
[32m2025-07-06 01:32:44[0m | [1mINFO[0m | [36mdataset.dataset_trace[0m:[36mpreprocess_trace_data[0m:[36m90[0m - [1m已处理完成 case 96，生成 1495147 条记录[0m
[32m2025-07-06 01:32:48[0m | [1mINFO[0m | [36mdataset.dataset_trace[0m:[36mpreprocess_trace_data[0m:[36m90[0m - [1m已处理完成 case 97，生成 703977 条记录[0m
[32m2025-07-06 01:32:49[0m | [1mINFO[0m | [36mdataset.dataset_trace[0m:[36mpreprocess_trace_data[0m:[36m90[0m - [1m已处理完成 case 98，生成 231260 条记录[0m
[32m2025-07-06 01:32:53[0m | [1mINFO[0m | [36mdataset.dataset_trace[0m:[36mpreprocess_trace_data[0m:[36m90[0m - [1m已处理完成 case 99，生成 560212 条记录[0m
[32m2025-07-06 01:33:03[0m | [1mINFO[0m | [36mdataset.dataset_trace[0m:[36mpreprocess_trace_data[0m:[36m90[0m - [1m已处理完成 case 100，生成 668858 条记录[0m
[32m2025-07-06 01:33:07[0m | [1mINFO[0m | [36mdataset.dataset_trace[0m:[36mpreprocess_trace_data[0m:[36m90[0m - [1m已处理完成 case 101，生成 619588 条记录[0m
[32m2025-07-06 01:33:11[0m | [1mINFO[0m | [36mdataset.dataset_trace[0m:[36mpreprocess_trace_data[0m:[36m90[0m - [1m已处理完成 case 102，生成 721656 条记录[0m
[32m2025-07-06 01:33:12[0m | [1mINFO[0m | [36mdataset.dataset_trace[0m:[36mpreprocess_trace_data[0m:[36m90[0m - [1m已处理完成 case 103，生成 125120 条记录[0m
[32m2025-07-06 01:33:23[0m | [1mINFO[0m | [36mdataset.dataset_trace[0m:[36mpreprocess_trace_data[0m:[36m90[0m - [1m已处理完成 case 104，生成 1808177 条记录[0m
[32m2025-07-06 01:33:35[0m | [1mINFO[0m | [36mdataset.dataset_trace[0m:[36mpreprocess_trace_data[0m:[36m90[0m - [1m已处理完成 case 105，生成 675746 条记录[0m
[32m2025-07-06 01:33:39[0m | [1mINFO[0m | [36mdataset.dataset_trace[0m:[36mpreprocess_trace_data[0m:[36m90[0m - [1m已处理完成 case 106，生成 698178 条记录[0m
[32m2025-07-06 01:33:43[0m | [1mINFO[0m | [36mdataset.dataset_trace[0m:[36mpreprocess_trace_data[0m:[36m90[0m - [1m已处理完成 case 107，生成 767455 条记录[0m
[32m2025-07-06 01:33:47[0m | [1mINFO[0m | [36mdataset.dataset_trace[0m:[36mpreprocess_trace_data[0m:[36m90[0m - [1m已处理完成 case 108，生成 740814 条记录[0m
[32m2025-07-06 01:33:48[0m | [1mINFO[0m | [36mdataset.dataset_trace[0m:[36mpreprocess_trace_data[0m:[36m90[0m - [1m已处理完成 case 109，生成 121627 条记录[0m
[32m2025-07-06 01:33:57[0m | [1mINFO[0m | [36mdataset.dataset_trace[0m:[36mpreprocess_trace_data[0m:[36m90[0m - [1m已处理完成 case 110，生成 162621 条记录[0m
[32m2025-07-06 01:34:01[0m | [1mINFO[0m | [36mdataset.dataset_trace[0m:[36mpreprocess_trace_data[0m:[36m90[0m - [1m已处理完成 case 111，生成 684387 条记录[0m
[32m2025-07-06 01:34:03[0m | [1mINFO[0m | [36mdataset.dataset_trace[0m:[36mpreprocess_trace_data[0m:[36m90[0m - [1m已处理完成 case 112，生成 377462 条记录[0m
[32m2025-07-06 01:34:04[0m | [1mINFO[0m | [36mdataset.dataset_trace[0m:[36mpreprocess_trace_data[0m:[36m90[0m - [1m已处理完成 case 113，生成 252913 条记录[0m
[32m2025-07-06 01:34:08[0m | [1mINFO[0m | [36mdataset.dataset_trace[0m:[36mpreprocess_trace_data[0m:[36m90[0m - [1m已处理完成 case 114，生成 740808 条记录[0m
[32m2025-07-06 01:34:21[0m | [1mINFO[0m | [36mdataset.dataset_trace[0m:[36mpreprocess_trace_data[0m:[36m90[0m - [1m已处理完成 case 115，生成 821703 条记录[0m
[32m2025-07-06 01:34:25[0m | [1mINFO[0m | [36mdataset.dataset_trace[0m:[36mpreprocess_trace_data[0m:[36m90[0m - [1m已处理完成 case 116，生成 717014 条记录[0m
[32m2025-07-06 01:34:26[0m | [1mINFO[0m | [36mdataset.dataset_trace[0m:[36mpreprocess_trace_data[0m:[36m90[0m - [1m已处理完成 case 117，生成 107093 条记录[0m
[32m2025-07-06 01:34:29[0m | [1mINFO[0m | [36mdataset.dataset_trace[0m:[36mpreprocess_trace_data[0m:[36m90[0m - [1m已处理完成 case 118，生成 640589 条记录[0m
[32m2025-07-06 01:34:33[0m | [1mINFO[0m | [36mdataset.dataset_trace[0m:[36mpreprocess_trace_data[0m:[36m90[0m - [1m已处理完成 case 119，生成 727790 条记录[0m
[32m2025-07-06 01:34:44[0m | [1mINFO[0m | [36mdataset.dataset_trace[0m:[36mpreprocess_trace_data[0m:[36m90[0m - [1m已处理完成 case 120，生成 283499 条记录[0m
[32m2025-07-06 01:34:48[0m | [1mINFO[0m | [36mdataset.dataset_trace[0m:[36mpreprocess_trace_data[0m:[36m90[0m - [1m已处理完成 case 121，生成 740024 条记录[0m
[32m2025-07-06 01:34:51[0m | [1mINFO[0m | [36mdataset.dataset_trace[0m:[36mpreprocess_trace_data[0m:[36m90[0m - [1m已处理完成 case 122，生成 509201 条记录[0m
[32m2025-07-06 01:34:52[0m | [1mINFO[0m | [36mdataset.dataset_trace[0m:[36mpreprocess_trace_data[0m:[36m90[0m - [1m已处理完成 case 123，生成 162813 条记录[0m
[32m2025-07-06 01:34:55[0m | [1mINFO[0m | [36mdataset.dataset_trace[0m:[36mpreprocess_trace_data[0m:[36m90[0m - [1m已处理完成 case 124，生成 548380 条记录[0m
[32m2025-07-06 01:35:05[0m | [1mINFO[0m | [36mdataset.dataset_trace[0m:[36mpreprocess_trace_data[0m:[36m90[0m - [1m已处理完成 case 125，生成 172948 条记录[0m
[32m2025-07-06 01:35:05[0m | [1mINFO[0m | [36mdataset.dataset_trace[0m:[36mpreprocess_trace_data[0m:[36m90[0m - [1m已处理完成 case 126，生成 84926 条记录[0m
[32m2025-07-06 01:35:10[0m | [1mINFO[0m | [36mdataset.dataset_trace[0m:[36mpreprocess_trace_data[0m:[36m90[0m - [1m已处理完成 case 127，生成 798743 条记录[0m
[32m2025-07-06 01:35:17[0m | [1mINFO[0m | [36mdataset.dataset_trace[0m:[36mpreprocess_trace_data[0m:[36m90[0m - [1m已处理完成 case 128，生成 1276027 条记录[0m
[32m2025-07-06 01:35:20[0m | [1mINFO[0m | [36mdataset.dataset_trace[0m:[36mpreprocess_trace_data[0m:[36m90[0m - [1m已处理完成 case 129，生成 666157 条记录[0m
[32m2025-07-06 01:35:30[0m | [1mINFO[0m | [36mdataset.dataset_trace[0m:[36mpreprocess_trace_data[0m:[36m90[0m - [1m已处理完成 case 130，生成 82516 条记录[0m
[32m2025-07-06 01:35:35[0m | [1mINFO[0m | [36mdataset.dataset_trace[0m:[36mpreprocess_trace_data[0m:[36m90[0m - [1m已处理完成 case 131，生成 796552 条记录[0m
[32m2025-07-06 01:35:36[0m | [1mINFO[0m | [36mdataset.dataset_trace[0m:[36mpreprocess_trace_data[0m:[36m90[0m - [1m已处理完成 case 132，生成 166508 条记录[0m
[32m2025-07-06 01:35:37[0m | [1mINFO[0m | [36mdataset.dataset_trace[0m:[36mpreprocess_trace_data[0m:[36m90[0m - [1m已处理完成 case 133，生成 68181 条记录[0m
[32m2025-07-06 01:35:41[0m | [1mINFO[0m | [36mdataset.dataset_trace[0m:[36mpreprocess_trace_data[0m:[36m90[0m - [1m已处理完成 case 134，生成 668097 条记录[0m
[32m2025-07-06 01:35:54[0m | [1mINFO[0m | [36mdataset.dataset_trace[0m:[36mpreprocess_trace_data[0m:[36m90[0m - [1m已处理完成 case 135，生成 549433 条记录[0m
[32m2025-07-06 01:35:56[0m | [1mINFO[0m | [36mdataset.dataset_trace[0m:[36mpreprocess_trace_data[0m:[36m90[0m - [1m已处理完成 case 136，生成 503260 条记录[0m
[32m2025-07-06 01:36:01[0m | [1mINFO[0m | [36mdataset.dataset_trace[0m:[36mpreprocess_trace_data[0m:[36m90[0m - [1m已处理完成 case 137，生成 716210 条记录[0m
[32m2025-07-06 01:36:04[0m | [1mINFO[0m | [36mdataset.dataset_trace[0m:[36mpreprocess_trace_data[0m:[36m90[0m - [1m已处理完成 case 138，生成 683440 条记录[0m
[32m2025-07-06 01:36:08[0m | [1mINFO[0m | [36mdataset.dataset_trace[0m:[36mpreprocess_trace_data[0m:[36m90[0m - [1m已处理完成 case 139，生成 766481 条记录[0m
[32m2025-07-06 01:36:22[0m | [1mINFO[0m | [36mdataset.dataset_trace[0m:[36mpreprocess_trace_data[0m:[36m90[0m - [1m已处理完成 case 140，生成 591585 条记录[0m
[32m2025-07-06 01:36:24[0m | [1mINFO[0m | [36mdataset.dataset_trace[0m:[36mpreprocess_trace_data[0m:[36m90[0m - [1m已处理完成 case 141，生成 339777 条记录[0m
[32m2025-07-06 01:36:28[0m | [1mINFO[0m | [36mdataset.dataset_trace[0m:[36mpreprocess_trace_data[0m:[36m90[0m - [1m已处理完成 case 142，生成 754094 条记录[0m
[32m2025-07-06 01:36:32[0m | [1mINFO[0m | [36mdataset.dataset_trace[0m:[36mpreprocess_trace_data[0m:[36m90[0m - [1m已处理完成 case 143，生成 606700 条记录[0m
[32m2025-07-06 01:36:33[0m | [1mINFO[0m | [36mdataset.dataset_trace[0m:[36mpreprocess_trace_data[0m:[36m90[0m - [1m已处理完成 case 144，生成 171023 条记录[0m
[32m2025-07-06 01:36:47[0m | [1mINFO[0m | [36mdataset.dataset_trace[0m:[36mpreprocess_trace_data[0m:[36m90[0m - [1m已处理完成 case 145，生成 729049 条记录[0m
[32m2025-07-06 01:36:51[0m | [1mINFO[0m | [36mdataset.dataset_trace[0m:[36mpreprocess_trace_data[0m:[36m90[0m - [1m已处理完成 case 146，生成 708593 条记录[0m
[32m2025-07-06 01:36:53[0m | [1mINFO[0m | [36mdataset.dataset_trace[0m:[36mpreprocess_trace_data[0m:[36m90[0m - [1m已处理完成 case 147，生成 302761 条记录[0m
[32m2025-07-06 01:37:14[0m | [1mINFO[0m | [36mdataset.dataset_trace[0m:[36mpreprocess_trace_data[0m:[36m90[0m - [1m已处理完成 case 148，生成 3551860 条记录[0m
[32m2025-07-06 01:37:15[0m | [1mINFO[0m | [36mdataset.dataset_trace[0m:[36mpreprocess_trace_data[0m:[36m90[0m - [1m已处理完成 case 149，生成 95712 条记录[0m
[32m2025-07-06 01:37:27[0m | [1mINFO[0m | [36mdataset.dataset_trace[0m:[36mpreprocess_trace_data[0m:[36m90[0m - [1m已处理完成 case 150，生成 364517 条记录[0m
[32m2025-07-06 01:37:28[0m | [1mINFO[0m | [36mdataset.dataset_trace[0m:[36mpreprocess_trace_data[0m:[36m90[0m - [1m已处理完成 case 151，生成 119672 条记录[0m
[32m2025-07-06 01:37:30[0m | [1mINFO[0m | [36mdataset.dataset_trace[0m:[36mpreprocess_trace_data[0m:[36m90[0m - [1m已处理完成 case 152，生成 452755 条记录[0m
[32m2025-07-06 01:37:34[0m | [1mINFO[0m | [36mdataset.dataset_trace[0m:[36mpreprocess_trace_data[0m:[36m90[0m - [1m已处理完成 case 153，生成 802202 条记录[0m
[32m2025-07-06 01:37:38[0m | [1mINFO[0m | [36mdataset.dataset_trace[0m:[36mpreprocess_trace_data[0m:[36m90[0m - [1m已处理完成 case 154，生成 777922 条记录[0m
[32m2025-07-06 01:37:53[0m | [1mINFO[0m | [36mdataset.dataset_trace[0m:[36mpreprocess_trace_data[0m:[36m90[0m - [1m已处理完成 case 155，生成 583259 条记录[0m
[32m2025-07-06 01:37:56[0m | [1mINFO[0m | [36mdataset.dataset_trace[0m:[36mpreprocess_trace_data[0m:[36m90[0m - [1m已处理完成 case 156，生成 613905 条记录[0m
[32m2025-07-06 01:38:00[0m | [1mINFO[0m | [36mdataset.dataset_trace[0m:[36mpreprocess_trace_data[0m:[36m90[0m - [1m已处理完成 case 157，生成 652067 条记录[0m
[32m2025-07-06 01:38:04[0m | [1mINFO[0m | [36mdataset.dataset_trace[0m:[36mpreprocess_trace_data[0m:[36m90[0m - [1m已处理完成 case 158，生成 705245 条记录[0m
[32m2025-07-06 01:38:04[0m | [1mINFO[0m | [36mdataset.dataset_trace[0m:[36mpreprocess_trace_data[0m:[36m90[0m - [1m已处理完成 case 159，生成 10845 条记录[0m
[32m2025-07-06 01:38:18[0m | [1mINFO[0m | [36mdataset.dataset_trace[0m:[36mpreprocess_trace_data[0m:[36m90[0m - [1m已处理完成 case 160，生成 271080 条记录[0m
[32m2025-07-06 01:38:22[0m | [1mINFO[0m | [36mdataset.dataset_trace[0m:[36mpreprocess_trace_data[0m:[36m90[0m - [1m已处理完成 case 161，生成 726640 条记录[0m
[32m2025-07-06 01:38:29[0m | [1mINFO[0m | [36mdataset.dataset_trace[0m:[36mpreprocess_trace_data[0m:[36m90[0m - [1m已处理完成 case 162，生成 1302455 条记录[0m
[32m2025-07-06 01:38:33[0m | [1mINFO[0m | [36mdataset.dataset_trace[0m:[36mpreprocess_trace_data[0m:[36m90[0m - [1m已处理完成 case 163，生成 703074 条记录[0m
[32m2025-07-06 01:38:35[0m | [1mINFO[0m | [36mdataset.dataset_trace[0m:[36mpreprocess_trace_data[0m:[36m90[0m - [1m已处理完成 case 164，生成 329665 条记录[0m
[32m2025-07-06 01:38:52[0m | [1mINFO[0m | [36mdataset.dataset_trace[0m:[36mpreprocess_trace_data[0m:[36m90[0m - [1m已处理完成 case 165，生成 709667 条记录[0m
[32m2025-07-06 01:38:56[0m | [1mINFO[0m | [36mdataset.dataset_trace[0m:[36mpreprocess_trace_data[0m:[36m90[0m - [1m已处理完成 case 166，生成 746957 条记录[0m
[32m2025-07-06 01:39:06[0m | [1mINFO[0m | [36mdataset.dataset_trace[0m:[36mpreprocess_trace_data[0m:[36m90[0m - [1m已处理完成 case 167，生成 1782194 条记录[0m
[32m2025-07-06 01:39:10[0m | [1mINFO[0m | [36mdataset.dataset_trace[0m:[36mpreprocess_trace_data[0m:[36m90[0m - [1m已处理完成 case 168，生成 630766 条记录[0m
[32m2025-07-06 01:39:14[0m | [1mINFO[0m | [36mdataset.dataset_trace[0m:[36mpreprocess_trace_data[0m:[36m90[0m - [1m已处理完成 case 169，生成 887571 条记录[0m
[32m2025-07-06 01:39:38[0m | [1mINFO[0m | [36mdataset.dataset_trace[0m:[36mpreprocess_trace_data[0m:[36m90[0m - [1m已处理完成 case 170，生成 1727271 条记录[0m
[32m2025-07-06 01:39:42[0m | [1mINFO[0m | [36mdataset.dataset_trace[0m:[36mpreprocess_trace_data[0m:[36m90[0m - [1m已处理完成 case 171，生成 779676 条记录[0m
[32m2025-07-06 01:39:46[0m | [1mINFO[0m | [36mdataset.dataset_trace[0m:[36mpreprocess_trace_data[0m:[36m90[0m - [1m已处理完成 case 172，生成 747407 条记录[0m
[32m2025-07-06 01:39:47[0m | [1mINFO[0m | [36mdataset.dataset_trace[0m:[36mpreprocess_trace_data[0m:[36m90[0m - [1m已处理完成 case 173，生成 130481 条记录[0m
[32m2025-07-06 01:39:50[0m | [1mINFO[0m | [36mdataset.dataset_trace[0m:[36mpreprocess_trace_data[0m:[36m90[0m - [1m已处理完成 case 174，生成 614814 条记录[0m
[32m2025-07-06 01:40:08[0m | [1mINFO[0m | [36mdataset.dataset_trace[0m:[36mpreprocess_trace_data[0m:[36m90[0m - [1m已处理完成 case 175，生成 781483 条记录[0m
[32m2025-07-06 01:40:10[0m | [1mINFO[0m | [36mdataset.dataset_trace[0m:[36mpreprocess_trace_data[0m:[36m90[0m - [1m已处理完成 case 176，生成 487778 条记录[0m
[32m2025-07-06 01:40:15[0m | [1mINFO[0m | [36mdataset.dataset_trace[0m:[36mpreprocess_trace_data[0m:[36m90[0m - [1m已处理完成 case 177，生成 832438 条记录[0m
[32m2025-07-06 01:40:17[0m | [1mINFO[0m | [36mdataset.dataset_trace[0m:[36mpreprocess_trace_data[0m:[36m90[0m - [1m已处理完成 case 178，生成 389437 条记录[0m
[32m2025-07-06 01:40:17[0m | [1mINFO[0m | [36mdataset.dataset_trace[0m:[36mpreprocess_trace_data[0m:[36m90[0m - [1m已处理完成 case 179，生成 13481 条记录[0m
[32m2025-07-06 01:40:33[0m | [1mINFO[0m | [36mdataset.dataset_trace[0m:[36mpreprocess_trace_data[0m:[36m90[0m - [1m已处理完成 case 180，生成 274883 条记录[0m
[32m2025-07-06 01:40:35[0m | [1mINFO[0m | [36mdataset.dataset_trace[0m:[36mpreprocess_trace_data[0m:[36m90[0m - [1m已处理完成 case 181，生成 429177 条记录[0m
[32m2025-07-06 01:40:38[0m | [1mINFO[0m | [36mdataset.dataset_trace[0m:[36mpreprocess_trace_data[0m:[36m90[0m - [1m已处理完成 case 182，生成 612981 条记录[0m
[32m2025-07-06 01:40:43[0m | [1mINFO[0m | [36mdataset.dataset_trace[0m:[36mpreprocess_trace_data[0m:[36m90[0m - [1m已处理完成 case 183，生成 815164 条记录[0m
[32m2025-07-06 01:40:47[0m | [1mINFO[0m | [36mdataset.dataset_trace[0m:[36mpreprocess_trace_data[0m:[36m90[0m - [1m已处理完成 case 184，生成 786493 条记录[0m
[32m2025-07-06 01:41:04[0m | [1mINFO[0m | [36mdataset.dataset_trace[0m:[36mpreprocess_trace_data[0m:[36m90[0m - [1m已处理完成 case 185，生成 753719 条记录[0m
[32m2025-07-06 01:41:05[0m | [1mINFO[0m | [36mdataset.dataset_trace[0m:[36mpreprocess_trace_data[0m:[36m90[0m - [1m已处理完成 case 186，生成 83459 条记录[0m
[32m2025-07-06 01:41:08[0m | [1mINFO[0m | [36mdataset.dataset_trace[0m:[36mpreprocess_trace_data[0m:[36m90[0m - [1m已处理完成 case 187，生成 682732 条记录[0m
[32m2025-07-06 01:41:12[0m | [1mINFO[0m | [36mdataset.dataset_trace[0m:[36mpreprocess_trace_data[0m:[36m90[0m - [1m已处理完成 case 188，生成 691146 条记录[0m
[32m2025-07-06 01:41:16[0m | [1mINFO[0m | [36mdataset.dataset_trace[0m:[36mpreprocess_trace_data[0m:[36m90[0m - [1m已处理完成 case 189，生成 722493 条记录[0m
[32m2025-07-06 01:41:33[0m | [1mINFO[0m | [36mdataset.dataset_trace[0m:[36mpreprocess_trace_data[0m:[36m90[0m - [1m已处理完成 case 190，生成 648472 条记录[0m
[32m2025-07-06 01:41:37[0m | [1mINFO[0m | [36mdataset.dataset_trace[0m:[36mpreprocess_trace_data[0m:[36m90[0m - [1m已处理完成 case 191，生成 609453 条记录[0m
[32m2025-07-06 01:41:41[0m | [1mINFO[0m | [36mdataset.dataset_trace[0m:[36mpreprocess_trace_data[0m:[36m90[0m - [1m已处理完成 case 192，生成 711167 条记录[0m
[32m2025-07-06 01:41:43[0m | [1mINFO[0m | [36mdataset.dataset_trace[0m:[36mpreprocess_trace_data[0m:[36m90[0m - [1m已处理完成 case 193，生成 342255 条记录[0m
[32m2025-07-06 01:41:44[0m | [1mINFO[0m | [36mdataset.dataset_trace[0m:[36mpreprocess_trace_data[0m:[36m90[0m - [1m已处理完成 case 194，生成 138078 条记录[0m
[32m2025-07-06 01:42:02[0m | [1mINFO[0m | [36mdataset.dataset_trace[0m:[36mpreprocess_trace_data[0m:[36m90[0m - [1m已处理完成 case 195，生成 735957 条记录[0m
[32m2025-07-06 01:42:09[0m | [1mINFO[0m | [36mdataset.dataset_trace[0m:[36mpreprocess_trace_data[0m:[36m90[0m - [1m已处理完成 case 196，生成 1257286 条记录[0m
[32m2025-07-06 01:42:13[0m | [1mINFO[0m | [36mdataset.dataset_trace[0m:[36mpreprocess_trace_data[0m:[36m90[0m - [1m已处理完成 case 197，生成 731157 条记录[0m
[32m2025-07-06 01:42:17[0m | [1mINFO[0m | [36mdataset.dataset_trace[0m:[36mpreprocess_trace_data[0m:[36m90[0m - [1m已处理完成 case 198，生成 764148 条记录[0m
[32m2025-07-06 01:42:17[0m | [1mINFO[0m | [36mdataset.dataset_trace[0m:[36mpreprocess_trace_data[0m:[36m90[0m - [1m已处理完成 case 199，生成 27581 条记录[0m
[32m2025-07-06 01:42:35[0m | [1mINFO[0m | [36mdataset.dataset_trace[0m:[36mpreprocess_trace_data[0m:[36m90[0m - [1m已处理完成 case 200，生成 793946 条记录[0m
[32m2025-07-06 01:42:40[0m | [1mINFO[0m | [36mdataset.dataset_trace[0m:[36mpreprocess_trace_data[0m:[36m90[0m - [1m已处理完成 case 201，生成 792163 条记录[0m
[32m2025-07-06 01:42:44[0m | [1mINFO[0m | [36mdataset.dataset_trace[0m:[36mpreprocess_trace_data[0m:[36m90[0m - [1m已处理完成 case 202，生成 782753 条记录[0m
[32m2025-07-06 01:42:48[0m | [1mINFO[0m | [36mdataset.dataset_trace[0m:[36mpreprocess_trace_data[0m:[36m90[0m - [1m已处理完成 case 203，生成 718965 条记录[0m
[32m2025-07-06 01:42:50[0m | [1mINFO[0m | [36mdataset.dataset_trace[0m:[36mpreprocess_trace_data[0m:[36m90[0m - [1m已处理完成 case 204，生成 426316 条记录[0m
[32m2025-07-06 01:43:11[0m | [1mINFO[0m | [36mdataset.dataset_trace[0m:[36mpreprocess_trace_data[0m:[36m90[0m - [1m已处理完成 case 205，生成 733448 条记录[0m
[32m2025-07-06 01:43:16[0m | [1mINFO[0m | [36mdataset.dataset_trace[0m:[36mpreprocess_trace_data[0m:[36m90[0m - [1m已处理完成 case 206，生成 726293 条记录[0m
[32m2025-07-06 01:43:20[0m | [1mINFO[0m | [36mdataset.dataset_trace[0m:[36mpreprocess_trace_data[0m:[36m90[0m - [1m已处理完成 case 207，生成 607537 条记录[0m
[32m2025-07-06 01:43:24[0m | [1mINFO[0m | [36mdataset.dataset_trace[0m:[36mpreprocess_trace_data[0m:[36m90[0m - [1m已处理完成 case 208，生成 676232 条记录[0m
[32m2025-07-06 01:43:28[0m | [1mINFO[0m | [36mdataset.dataset_trace[0m:[36mpreprocess_trace_data[0m:[36m90[0m - [1m已处理完成 case 209，生成 629025 条记录[0m
[32m2025-07-06 01:43:47[0m | [1mINFO[0m | [36mdataset.dataset_trace[0m:[36mpreprocess_trace_data[0m:[36m90[0m - [1m已处理完成 case 210，生成 740724 条记录[0m
[32m2025-07-06 01:43:50[0m | [1mINFO[0m | [36mdataset.dataset_trace[0m:[36mpreprocess_trace_data[0m:[36m90[0m - [1m已处理完成 case 211，生成 497517 条记录[0m
[32m2025-07-06 01:43:54[0m | [1mINFO[0m | [36mdataset.dataset_trace[0m:[36mpreprocess_trace_data[0m:[36m90[0m - [1m已处理完成 case 212，生成 694608 条记录[0m
[32m2025-07-06 01:43:58[0m | [1mINFO[0m | [36mdataset.dataset_trace[0m:[36mpreprocess_trace_data[0m:[36m90[0m - [1m已处理完成 case 213，生成 781142 条记录[0m
[32m2025-07-06 01:44:02[0m | [1mINFO[0m | [36mdataset.dataset_trace[0m:[36mpreprocess_trace_data[0m:[36m90[0m - [1m已处理完成 case 214，生成 745565 条记录[0m
[32m2025-07-06 01:44:20[0m | [1mINFO[0m | [36mdataset.dataset_trace[0m:[36mpreprocess_trace_data[0m:[36m90[0m - [1m已处理完成 case 215，生成 579863 条记录[0m
[32m2025-07-06 01:44:25[0m | [1mINFO[0m | [36mdataset.dataset_trace[0m:[36mpreprocess_trace_data[0m:[36m90[0m - [1m已处理完成 case 216，生成 762719 条记录[0m
[32m2025-07-06 01:44:26[0m | [1mINFO[0m | [36mdataset.dataset_trace[0m:[36mpreprocess_trace_data[0m:[36m90[0m - [1m已处理完成 case 217，生成 307234 条记录[0m
[32m2025-07-06 01:44:31[0m | [1mINFO[0m | [36mdataset.dataset_trace[0m:[36mpreprocess_trace_data[0m:[36m90[0m - [1m已处理完成 case 218，生成 712306 条记录[0m
[32m2025-07-06 01:44:31[0m | [1mINFO[0m | [36mdataset.dataset_trace[0m:[36mpreprocess_trace_data[0m:[36m90[0m - [1m已处理完成 case 219，生成 35284 条记录[0m
[32m2025-07-06 01:44:53[0m | [1mINFO[0m | [36mdataset.dataset_trace[0m:[36mpreprocess_trace_data[0m:[36m90[0m - [1m已处理完成 case 220，生成 723100 条记录[0m
[32m2025-07-06 01:44:57[0m | [1mINFO[0m | [36mdataset.dataset_trace[0m:[36mpreprocess_trace_data[0m:[36m90[0m - [1m已处理完成 case 221，生成 785507 条记录[0m
[32m2025-07-06 01:45:09[0m | [1mINFO[0m | [36mdataset.dataset_trace[0m:[36mpreprocess_trace_data[0m:[36m90[0m - [1m已处理完成 case 222，生成 1874631 条记录[0m
[32m2025-07-06 01:45:19[0m | [1mINFO[0m | [36mdataset.dataset_trace[0m:[36mpreprocess_trace_data[0m:[36m90[0m - [1m已处理完成 case 223，生成 1582227 条记录[0m
[32m2025-07-06 01:45:23[0m | [1mINFO[0m | [36mdataset.dataset_trace[0m:[36mpreprocess_trace_data[0m:[36m90[0m - [1m已处理完成 case 224，生成 801398 条记录[0m
[32m2025-07-06 01:45:43[0m | [1mINFO[0m | [36mdataset.dataset_trace[0m:[36mpreprocess_trace_data[0m:[36m90[0m - [1m已处理完成 case 225，生成 693590 条记录[0m
[32m2025-07-06 01:45:47[0m | [1mINFO[0m | [36mdataset.dataset_trace[0m:[36mpreprocess_trace_data[0m:[36m90[0m - [1m已处理完成 case 226，生成 734335 条记录[0m
[32m2025-07-06 01:45:50[0m | [1mINFO[0m | [36mdataset.dataset_trace[0m:[36mpreprocess_trace_data[0m:[36m90[0m - [1m已处理完成 case 227，生成 499063 条记录[0m
[32m2025-07-06 01:45:54[0m | [1mINFO[0m | [36mdataset.dataset_trace[0m:[36mpreprocess_trace_data[0m:[36m90[0m - [1m已处理完成 case 228，生成 788851 条记录[0m
[32m2025-07-06 01:45:55[0m | [1mINFO[0m | [36mdataset.dataset_trace[0m:[36mpreprocess_trace_data[0m:[36m90[0m - [1m已处理完成 case 229，生成 180157 条记录[0m
[32m2025-07-06 01:46:13[0m | [1mINFO[0m | [36mdataset.dataset_trace[0m:[36mpreprocess_trace_data[0m:[36m90[0m - [1m已处理完成 case 230，生成 225223 条记录[0m
[32m2025-07-06 01:46:16[0m | [1mINFO[0m | [36mdataset.dataset_trace[0m:[36mpreprocess_trace_data[0m:[36m90[0m - [1m已处理完成 case 231，生成 608461 条记录[0m
[32m2025-07-06 01:46:20[0m | [1mINFO[0m | [36mdataset.dataset_trace[0m:[36mpreprocess_trace_data[0m:[36m90[0m - [1m已处理完成 case 232，生成 712194 条记录[0m
[32m2025-07-06 01:46:24[0m | [1mINFO[0m | [36mdataset.dataset_trace[0m:[36mpreprocess_trace_data[0m:[36m90[0m - [1m已处理完成 case 233，生成 677090 条记录[0m
[32m2025-07-06 01:46:28[0m | [1mINFO[0m | [36mdataset.dataset_trace[0m:[36mpreprocess_trace_data[0m:[36m90[0m - [1m已处理完成 case 234，生成 808754 条记录[0m
[32m2025-07-06 01:46:50[0m | [1mINFO[0m | [36mdataset.dataset_trace[0m:[36mpreprocess_trace_data[0m:[36m90[0m - [1m已处理完成 case 235，生成 680146 条记录[0m
[32m2025-07-06 01:46:50[0m | [1mINFO[0m | [36mdataset.dataset_trace[0m:[36mpreprocess_trace_data[0m:[36m90[0m - [1m已处理完成 case 236，生成 99323 条记录[0m
[32m2025-07-06 01:46:55[0m | [1mINFO[0m | [36mdataset.dataset_trace[0m:[36mpreprocess_trace_data[0m:[36m90[0m - [1m已处理完成 case 237，生成 751586 条记录[0m
[32m2025-07-06 01:46:59[0m | [1mINFO[0m | [36mdataset.dataset_trace[0m:[36mpreprocess_trace_data[0m:[36m90[0m - [1m已处理完成 case 238，生成 749654 条记录[0m
[32m2025-07-06 01:47:03[0m | [1mINFO[0m | [36mdataset.dataset_trace[0m:[36mpreprocess_trace_data[0m:[36m90[0m - [1m已处理完成 case 239，生成 684084 条记录[0m
[32m2025-07-06 01:47:24[0m | [1mINFO[0m | [36mdataset.dataset_trace[0m:[36mpreprocess_trace_data[0m:[36m90[0m - [1m已处理完成 case 240，生成 469251 条记录[0m
[32m2025-07-06 01:47:27[0m | [1mINFO[0m | [36mdataset.dataset_trace[0m:[36mpreprocess_trace_data[0m:[36m90[0m - [1m已处理完成 case 241，生成 417383 条记录[0m
[32m2025-07-06 01:47:31[0m | [1mINFO[0m | [36mdataset.dataset_trace[0m:[36mpreprocess_trace_data[0m:[36m90[0m - [1m已处理完成 case 242，生成 754482 条记录[0m
[32m2025-07-06 01:47:35[0m | [1mINFO[0m | [36mdataset.dataset_trace[0m:[36mpreprocess_trace_data[0m:[36m90[0m - [1m已处理完成 case 243，生成 657458 条记录[0m
[32m2025-07-06 01:47:38[0m | [1mINFO[0m | [36mdataset.dataset_trace[0m:[36mpreprocess_trace_data[0m:[36m90[0m - [1m已处理完成 case 244，生成 503297 条记录[0m
[32m2025-07-06 01:48:01[0m | [1mINFO[0m | [36mdataset.dataset_trace[0m:[36mpreprocess_trace_data[0m:[36m90[0m - [1m已处理完成 case 245，生成 778451 条记录[0m
[32m2025-07-06 01:48:02[0m | [1mINFO[0m | [36mdataset.dataset_trace[0m:[36mpreprocess_trace_data[0m:[36m90[0m - [1m已处理完成 case 246，生成 126862 条记录[0m
[32m2025-07-06 01:48:06[0m | [1mINFO[0m | [36mdataset.dataset_trace[0m:[36mpreprocess_trace_data[0m:[36m90[0m - [1m已处理完成 case 247，生成 710846 条记录[0m
[32m2025-07-06 01:48:11[0m | [1mINFO[0m | [36mdataset.dataset_trace[0m:[36mpreprocess_trace_data[0m:[36m90[0m - [1m已处理完成 case 248，生成 788621 条记录[0m
[32m2025-07-06 01:48:15[0m | [1mINFO[0m | [36mdataset.dataset_trace[0m:[36mpreprocess_trace_data[0m:[36m90[0m - [1m已处理完成 case 249，生成 774334 条记录[0m
[32m2025-07-06 01:48:38[0m | [1mINFO[0m | [36mdataset.dataset_trace[0m:[36mpreprocess_trace_data[0m:[36m90[0m - [1m已处理完成 case 250，生成 686364 条记录[0m
[32m2025-07-06 01:48:40[0m | [1mINFO[0m | [36mdataset.dataset_trace[0m:[36mpreprocess_trace_data[0m:[36m90[0m - [1m已处理完成 case 251，生成 473882 条记录[0m
[32m2025-07-06 01:48:47[0m | [1mINFO[0m | [36mdataset.dataset_trace[0m:[36mpreprocess_trace_data[0m:[36m90[0m - [1m已处理完成 case 252，生成 1104295 条记录[0m
[32m2025-07-06 01:48:47[0m | [1mINFO[0m | [36mdataset.dataset_trace[0m:[36mpreprocess_trace_data[0m:[36m90[0m - [1m已处理完成 case 253，生成 101867 条记录[0m
[32m2025-07-06 01:48:59[0m | [1mINFO[0m | [36mdataset.dataset_trace[0m:[36mpreprocess_trace_data[0m:[36m90[0m - [1m已处理完成 case 254，生成 1804051 条记录[0m
[32m2025-07-06 01:49:30[0m | [1mINFO[0m | [36mdataset.dataset_trace[0m:[36mpreprocess_trace_data[0m:[36m90[0m - [1m已处理完成 case 255，生成 1750828 条记录[0m
[32m2025-07-06 01:49:35[0m | [1mINFO[0m | [36mdataset.dataset_trace[0m:[36mpreprocess_trace_data[0m:[36m90[0m - [1m已处理完成 case 256，生成 840438 条记录[0m
[32m2025-07-06 01:49:39[0m | [1mINFO[0m | [36mdataset.dataset_trace[0m:[36mpreprocess_trace_data[0m:[36m90[0m - [1m已处理完成 case 257，生成 785578 条记录[0m
[32m2025-07-06 01:49:40[0m | [1mINFO[0m | [36mdataset.dataset_trace[0m:[36mpreprocess_trace_data[0m:[36m90[0m - [1m已处理完成 case 258，生成 90391 条记录[0m
[32m2025-07-06 01:49:40[0m | [1mINFO[0m | [36mdataset.dataset_trace[0m:[36mpreprocess_trace_data[0m:[36m90[0m - [1m已处理完成 case 259，生成 125415 条记录[0m
[32m2025-07-06 01:50:02[0m | [1mINFO[0m | [36mdataset.dataset_trace[0m:[36mpreprocess_trace_data[0m:[36m90[0m - [1m已处理完成 case 260，生成 103635 条记录[0m
[32m2025-07-06 01:50:06[0m | [1mINFO[0m | [36mdataset.dataset_trace[0m:[36mpreprocess_trace_data[0m:[36m90[0m - [1m已处理完成 case 261，生成 777857 条记录[0m
[32m2025-07-06 01:50:07[0m | [1mINFO[0m | [36mdataset.dataset_trace[0m:[36mpreprocess_trace_data[0m:[36m90[0m - [1m已处理完成 case 262，生成 48754 条记录[0m
[32m2025-07-06 01:50:07[0m | [1mINFO[0m | [36mdataset.dataset_trace[0m:[36mpreprocess_trace_data[0m:[36m90[0m - [1m已处理完成 case 263，生成 10068 条记录[0m
[32m2025-07-06 01:50:11[0m | [1mINFO[0m | [36mdataset.dataset_trace[0m:[36mpreprocess_trace_data[0m:[36m90[0m - [1m已处理完成 case 264，生成 757294 条记录[0m
[32m2025-07-06 01:50:36[0m | [1mINFO[0m | [36mdataset.dataset_trace[0m:[36mpreprocess_trace_data[0m:[36m90[0m - [1m已处理完成 case 265，生成 717664 条记录[0m
[32m2025-07-06 01:50:45[0m | [1mINFO[0m | [36mdataset.dataset_trace[0m:[36mpreprocess_trace_data[0m:[36m90[0m - [1m已处理完成 case 266，生成 1543035 条记录[0m
[32m2025-07-06 01:50:49[0m | [1mINFO[0m | [36mdataset.dataset_trace[0m:[36mpreprocess_trace_data[0m:[36m90[0m - [1m已处理完成 case 267，生成 655017 条记录[0m
[32m2025-07-06 01:50:52[0m | [1mINFO[0m | [36mdataset.dataset_trace[0m:[36mpreprocess_trace_data[0m:[36m90[0m - [1m已处理完成 case 268，生成 646111 条记录[0m
[32m2025-07-06 01:50:52[0m | [1mINFO[0m | [36mdataset.dataset_trace[0m:[36mpreprocess_trace_data[0m:[36m90[0m - [1m已处理完成 case 269，生成 11489 条记录[0m
[32m2025-07-06 01:51:15[0m | [1mINFO[0m | [36mdataset.dataset_trace[0m:[36mpreprocess_trace_data[0m:[36m90[0m - [1m已处理完成 case 270，生成 347086 条记录[0m
[32m2025-07-06 01:51:18[0m | [1mINFO[0m | [36mdataset.dataset_trace[0m:[36mpreprocess_trace_data[0m:[36m90[0m - [1m已处理完成 case 271，生成 510401 条记录[0m
[32m2025-07-06 01:51:25[0m | [1mINFO[0m | [36mdataset.dataset_trace[0m:[36mpreprocess_trace_data[0m:[36m90[0m - [1m已处理完成 case 272，生成 1178060 条记录[0m
[32m2025-07-06 01:51:26[0m | [1mINFO[0m | [36mdataset.dataset_trace[0m:[36mpreprocess_trace_data[0m:[36m90[0m - [1m已处理完成 case 273，生成 290494 条记录[0m
[32m2025-07-06 01:51:27[0m | [1mINFO[0m | [36mdataset.dataset_trace[0m:[36mpreprocess_trace_data[0m:[36m90[0m - [1m已处理完成 case 274，生成 115012 条记录[0m
[32m2025-07-06 01:51:53[0m | [1mINFO[0m | [36mdataset.dataset_trace[0m:[36mpreprocess_trace_data[0m:[36m90[0m - [1m已处理完成 case 275，生成 780602 条记录[0m
[32m2025-07-06 01:51:57[0m | [1mINFO[0m | [36mdataset.dataset_trace[0m:[36mpreprocess_trace_data[0m:[36m90[0m - [1m已处理完成 case 276，生成 767988 条记录[0m
[32m2025-07-06 01:53:27[0m | [32m[1mSUCCESS[0m | [36mdataset.dataset_trace[0m:[36mgenerate_service_topology[0m:[36m157[0m - [32m[1m服务拓扑已保存到: ../data/rcabench/demo/demo2/anomalies/trace_topology.json[0m
[32m2025-07-06 01:53:27[0m | [32m[1mSUCCESS[0m | [36mdataset.dataset_trace[0m:[36mservice_to_instance[0m:[36m266[0m - [32m[1m服务ID与实例ID的映射已保存到: ../data/rcabench/demo/demo2/anomalies/service_instance_mapping.json[0m
[32m2025-07-06 01:53:27[0m | [32m[1mSUCCESS[0m | [36mdataset.dataset_trace[0m:[36mservice_to_instance[0m:[36m304[0m - [32m[1m实例级别的拓扑已保存到: ../data/rcabench/demo/demo2/anomalies/instance_topology.json[0m
[32m2025-07-06 02:02:59[0m | [32m[1mSUCCESS[0m | [36mdataset.dataset_trace[0m:[36msave_trace_data[0m:[36m29[0m - [32m[1mTrace数据已保存到: ../data/rcabench/demo/demo2/anomalies/demo_trace.json[0m
[32m2025-07-06 02:02:59[0m | [1mINFO[0m | [36mdataset.dataset_trace[0m:[36msave_trace_data[0m:[36m30[0m - [1m共处理了 277 个case[0m
[32m2025-07-06 02:02:59[0m | [32m[1mSUCCESS[0m | [36mpreprocess.config[0m:[36mupdate_config_nodes[0m:[36m50[0m - [32m[1m配置文件已更新！[0m
[32m2025-07-06 02:02:59[0m | [1mINFO[0m | [36mpreprocess.config[0m:[36mupdate_config_nodes[0m:[36m51[0m - [1m更新的nodes为: ts-basic-service ts-price-service ts-station-service ts-route-service ts-inside-payment-service ts-notification-service mysql ts-order-other-service ts-security-service ts-rebook-service ts-travel-service ts-travel2-service ts-travel-plan-service ts-seat-service ts-order-service ts-train-service ts-ui-dashboard ts-verification-code-service ts-food-service ts-consign-service ts-user-service ts-admin-basic-info-service ts-admin-order-service ts-admin-route-service ts-auth-service ts-preserve-other-service ts-station-food-service ts-train-food-service ts-voucher-service ts-config-service ts-consign-price-service ts-route-plan-service ts-preserve-service ts-admin-travel-service ts-execute-service ts-food-delivery-service ts-payment-service ts-assurance-service ts-wait-order-service ts-admin-user-service ts-contacts-service[0m
[32m2025-07-06 02:02:59[0m | [1mINFO[0m | [36mpreprocess.config[0m:[36mupdate_config_nodes[0m:[36m52[0m - [1m更新的N_S（服务数量）为: 41[0m
[32m2025-07-06 02:02:59[0m | [1mINFO[0m | [36mpreprocess.config[0m:[36mupdate_config_nodes[0m:[36m53[0m - [1m更新的K_S（instance数量）为: 41[0m
